Archive member included to satisfy reference by file (symbol)

E:/Program/Cube IDE/STM32CubeIDE_1.15.0/STM32CubeIDE/plugins/com.st.stm32cube.ide.mcu.externaltools.gnu-tools-for-stm32.12.3.rel1.win32_1.0.100.202403111256/tools/bin/../lib/gcc/arm-none-eabi/12.3.1/../../../../arm-none-eabi/lib/thumb/v7e-m+fp/hard\libc_nano.a(libc_a-exit.o)
                              E:/Program/Cube IDE/STM32CubeIDE_1.15.0/STM32CubeIDE/plugins/com.st.stm32cube.ide.mcu.externaltools.gnu-tools-for-stm32.12.3.rel1.win32_1.0.100.202403111256/tools/bin/../lib/gcc/arm-none-eabi/12.3.1/../../../../arm-none-eabi/lib/thumb/v7e-m+fp/hard/crt0.o (exit)
E:/Program/Cube IDE/STM32CubeIDE_1.15.0/STM32CubeIDE/plugins/com.st.stm32cube.ide.mcu.externaltools.gnu-tools-for-stm32.12.3.rel1.win32_1.0.100.202403111256/tools/bin/../lib/gcc/arm-none-eabi/12.3.1/../../../../arm-none-eabi/lib/thumb/v7e-m+fp/hard\libc_nano.a(libc_a-findfp.o)
                              E:/Program/Cube IDE/STM32CubeIDE_1.15.0/STM32CubeIDE/plugins/com.st.stm32cube.ide.mcu.externaltools.gnu-tools-for-stm32.12.3.rel1.win32_1.0.100.202403111256/tools/bin/../lib/gcc/arm-none-eabi/12.3.1/../../../../arm-none-eabi/lib/thumb/v7e-m+fp/hard\libc_nano.a(libc_a-exit.o) (__stdio_exit_handler)
E:/Program/Cube IDE/STM32CubeIDE_1.15.0/STM32CubeIDE/plugins/com.st.stm32cube.ide.mcu.externaltools.gnu-tools-for-stm32.12.3.rel1.win32_1.0.100.202403111256/tools/bin/../lib/gcc/arm-none-eabi/12.3.1/../../../../arm-none-eabi/lib/thumb/v7e-m+fp/hard\libc_nano.a(libc_a-fwalk.o)
                              E:/Program/Cube IDE/STM32CubeIDE_1.15.0/STM32CubeIDE/plugins/com.st.stm32cube.ide.mcu.externaltools.gnu-tools-for-stm32.12.3.rel1.win32_1.0.100.202403111256/tools/bin/../lib/gcc/arm-none-eabi/12.3.1/../../../../arm-none-eabi/lib/thumb/v7e-m+fp/hard\libc_nano.a(libc_a-findfp.o) (_fwalk_sglue)
E:/Program/Cube IDE/STM32CubeIDE_1.15.0/STM32CubeIDE/plugins/com.st.stm32cube.ide.mcu.externaltools.gnu-tools-for-stm32.12.3.rel1.win32_1.0.100.202403111256/tools/bin/../lib/gcc/arm-none-eabi/12.3.1/../../../../arm-none-eabi/lib/thumb/v7e-m+fp/hard\libc_nano.a(libc_a-sprintf.o)
                              ./Core/Src/main.o (sprintf)
E:/Program/Cube IDE/STM32CubeIDE_1.15.0/STM32CubeIDE/plugins/com.st.stm32cube.ide.mcu.externaltools.gnu-tools-for-stm32.12.3.rel1.win32_1.0.100.202403111256/tools/bin/../lib/gcc/arm-none-eabi/12.3.1/../../../../arm-none-eabi/lib/thumb/v7e-m+fp/hard\libc_nano.a(libc_a-stdio.o)
                              E:/Program/Cube IDE/STM32CubeIDE_1.15.0/STM32CubeIDE/plugins/com.st.stm32cube.ide.mcu.externaltools.gnu-tools-for-stm32.12.3.rel1.win32_1.0.100.202403111256/tools/bin/../lib/gcc/arm-none-eabi/12.3.1/../../../../arm-none-eabi/lib/thumb/v7e-m+fp/hard\libc_nano.a(libc_a-findfp.o) (__sread)
E:/Program/Cube IDE/STM32CubeIDE_1.15.0/STM32CubeIDE/plugins/com.st.stm32cube.ide.mcu.externaltools.gnu-tools-for-stm32.12.3.rel1.win32_1.0.100.202403111256/tools/bin/../lib/gcc/arm-none-eabi/12.3.1/../../../../arm-none-eabi/lib/thumb/v7e-m+fp/hard\libc_nano.a(libc_a-memset.o)
                              E:/Program/Cube IDE/STM32CubeIDE_1.15.0/STM32CubeIDE/plugins/com.st.stm32cube.ide.mcu.externaltools.gnu-tools-for-stm32.12.3.rel1.win32_1.0.100.202403111256/tools/bin/../lib/gcc/arm-none-eabi/12.3.1/../../../../arm-none-eabi/lib/thumb/v7e-m+fp/hard/crt0.o (memset)
E:/Program/Cube IDE/STM32CubeIDE_1.15.0/STM32CubeIDE/plugins/com.st.stm32cube.ide.mcu.externaltools.gnu-tools-for-stm32.12.3.rel1.win32_1.0.100.202403111256/tools/bin/../lib/gcc/arm-none-eabi/12.3.1/../../../../arm-none-eabi/lib/thumb/v7e-m+fp/hard\libc_nano.a(libc_a-closer.o)
                              E:/Program/Cube IDE/STM32CubeIDE_1.15.0/STM32CubeIDE/plugins/com.st.stm32cube.ide.mcu.externaltools.gnu-tools-for-stm32.12.3.rel1.win32_1.0.100.202403111256/tools/bin/../lib/gcc/arm-none-eabi/12.3.1/../../../../arm-none-eabi/lib/thumb/v7e-m+fp/hard\libc_nano.a(libc_a-stdio.o) (_close_r)
E:/Program/Cube IDE/STM32CubeIDE_1.15.0/STM32CubeIDE/plugins/com.st.stm32cube.ide.mcu.externaltools.gnu-tools-for-stm32.12.3.rel1.win32_1.0.100.202403111256/tools/bin/../lib/gcc/arm-none-eabi/12.3.1/../../../../arm-none-eabi/lib/thumb/v7e-m+fp/hard\libc_nano.a(libc_a-reent.o)
                              E:/Program/Cube IDE/STM32CubeIDE_1.15.0/STM32CubeIDE/plugins/com.st.stm32cube.ide.mcu.externaltools.gnu-tools-for-stm32.12.3.rel1.win32_1.0.100.202403111256/tools/bin/../lib/gcc/arm-none-eabi/12.3.1/../../../../arm-none-eabi/lib/thumb/v7e-m+fp/hard\libc_nano.a(libc_a-closer.o) (errno)
E:/Program/Cube IDE/STM32CubeIDE_1.15.0/STM32CubeIDE/plugins/com.st.stm32cube.ide.mcu.externaltools.gnu-tools-for-stm32.12.3.rel1.win32_1.0.100.202403111256/tools/bin/../lib/gcc/arm-none-eabi/12.3.1/../../../../arm-none-eabi/lib/thumb/v7e-m+fp/hard\libc_nano.a(libc_a-impure.o)
[...]
Memory Configuration

Name             Origin             Length             Attributes
CCMRAM           0x10000000         0x00010000         xrw
RAM              0x20000000         0x00020000         xrw
FLASH            0x08000000         0x00080000         xr
*default*        0x00000000         0xffffffff

Linker script and memory map

LOAD E:/Program/Cube IDE/STM32CubeIDE_1.15.0/STM32CubeIDE/plugins/com.st.stm32cube.ide.mcu.externaltools.gnu-tools-for-stm32.12.3.rel1.win32_1.0.100.202403111256/tools/bin/../lib/gcc/arm-none-eabi/12.3.1/thumb/v7e-m+fp/hard/crti.o
LOAD E:/Program/Cube IDE/STM32CubeIDE_1.15.0/STM32CubeIDE/plugins/com.st.stm32cube.ide.mcu.externaltools.gnu-tools-for-stm32.12.3.rel1.win32_1.0.100.202403111256/tools/bin/../lib/gcc/arm-none-eabi/12.3.1/thumb/v7e-m+fp/hard/crtbegin.o
LOAD E:/Program/Cube IDE/STM32CubeIDE_1.15.0/STM32CubeIDE/plugins/com.st.stm32cube.ide.mcu.externaltools.gnu-tools-for-stm32.12.3.rel1.win32_1.0.100.202403111256/tools/bin/../lib/gcc/arm-none-eabi/12.3.1/../../../../arm-none-eabi/lib/thumb/v7e-m+fp/hard/crt0.o
LOAD ./Core/Src/dma.o
LOAD ./Core/Src/game.o
LOAD ./Core/Src/gpio.o
LOAD ./Core/Src/main.o
LOAD ./Core/Src/move.o
LOAD ./Core/Src/stm32f4xx_hal_msp.o
LOAD ./Core/Src/stm32f4xx_it.o
LOAD ./Core/Src/syscalls.o
LOAD ./Core/Src/sysmem.o
LOAD ./Core/Src/system_stm32f4xx.o
LOAD ./Core/Src/tim.o
LOAD ./Core/Src/usart.o
LOAD ./Core/Startup/startup_stm32f407vetx.o
LOAD ./Drivers/STM32F4xx_HAL_Driver/Src/stm32f4xx_hal.o
LOAD ./Drivers/STM32F4xx_HAL_Driver/Src/stm32f4xx_hal_cortex.o
LOAD ./Drivers/STM32F4xx_HAL_Driver/Src/stm32f4xx_hal_dma.o
LOAD ./Drivers/STM32F4xx_HAL_Driver/Src/stm32f4xx_hal_dma_ex.o
LOAD ./Drivers/STM32F4xx_HAL_Driver/Src/stm32f4xx_hal_exti.o
LOAD ./Drivers/STM32F4xx_HAL_Driver/Src/stm32f4xx_hal_flash.o
LOAD ./Drivers/STM32F4xx_HAL_Driver/Src/stm32f4xx_hal_flash_ex.o
LOAD ./Drivers/STM32F4xx_HAL_Driver/Src/stm32f4xx_hal_flash_ramfunc.o
LOAD ./Drivers/STM32F4xx_HAL_Driver/Src/stm32f4xx_hal_gpio.o
LOAD ./Drivers/STM32F4xx_HAL_Driver/Src/stm32f4xx_hal_pwr.o
LOAD ./Drivers/STM32F4xx_HAL_Driver/Src/stm32f4xx_hal_pwr_ex.o
LOAD ./Drivers/STM32F4xx_HAL_Driver/Src/stm32f4xx_hal_rcc.o
LOAD ./Drivers/STM32F4xx_HAL_Driver/Src/stm32f4xx_hal_rcc_ex.o
LOAD ./Drivers/STM32F4xx_HAL_Driver/Src/stm32f4xx_hal_tim.o
LOAD ./Drivers/STM32F4xx_HAL_Driver/Src/stm32f4xx_hal_tim_ex.o
LOAD ./Drivers/STM32F4xx_HAL_Driver/Src/stm32f4xx_hal_uart.o
START GROUP
LOAD E:/Program/Cube IDE/STM32CubeIDE_1.15.0/STM32CubeIDE/plugins/com.st.stm32cube.ide.mcu.externaltools.gnu-tools-for-stm32.12.3.rel1.win32_1.0.100.202403111256/tools/bin/../lib/gcc/arm-none-eabi/12.3.1/../../../../arm-none-eabi/lib/thumb/v7e-m+fp/hard\libc_nano.a
LOAD E:/Program/Cube IDE/STM32CubeIDE_1.15.0/STM32CubeIDE/plugins/com.st.stm32cube.ide.mcu.externaltools.gnu-tools-for-stm32.12.3.rel1.win32_1.0.100.202403111256/tools/bin/../lib/gcc/arm-none-eabi/12.3.1/../../../../arm-none-eabi/lib/thumb/v7e-m+fp/hard\libm.a
END GROUP
START GROUP
LOAD E:/Program/Cube IDE/STM32CubeIDE_1.15.0/STM32CubeIDE/plugins/com.st.stm32cube.ide.mcu.externaltools.gnu-tools-for-stm32.12.3.rel1.win32_1.0.100.202403111256/tools/bin/../lib/gcc/arm-none-eabi/12.3.1/thumb/v7e-m+fp/hard\libgcc.a
LOAD E:/Program/Cube IDE/STM32CubeIDE_1.15.0/STM32CubeIDE/plugins/com.st.stm32cube.ide.mcu.externaltools.gnu-tools-for-stm32.12.3.rel1.win32_1.0.100.202403111256/tools/bin/../lib/gcc/arm-none-eabi/12.3.1/../../../../arm-none-eabi/lib/thumb/v7e-m+fp/hard\libc_nano.a
END GROUP
START GROUP
LOAD E:/Program/Cube IDE/STM32CubeIDE_1.15.0/STM32CubeIDE/plugins/com.st.stm32cube.ide.mcu.externaltools.gnu-tools-for-stm32.12.3.rel1.win32_1.0.100.202403111256/tools/bin/../lib/gcc/arm-none-eabi/12.3.1/thumb/v7e-m+fp/hard\libgcc.a
LOAD E:/Program/Cube IDE/STM32CubeIDE_1.15.0/STM32CubeIDE/plugins/com.st.stm32cube.ide.mcu.externaltools.gnu-tools-for-stm32.12.3.rel1.win32_1.0.100.202403111256/tools/bin/../lib/gcc/arm-none-eabi/12.3.1/../../../../arm-none-eabi/lib/thumb/v7e-m+fp/hard\libc_nano.a
LOAD E:/Program/Cube IDE/STM32CubeIDE_1.15.0/STM32CubeIDE/plugins/com.st.stm32cube.ide.mcu.externaltools.gnu-tools-for-stm32.12.3.rel1.win32_1.0.100.202403111256/tools/bin/../lib/gcc/arm-none-eabi/12.3.1/../../../../arm-none-eabi/lib/thumb/v7e-m+fp/hard\libnosys.a
END GROUP
START GROUP
LOAD E:/Program/Cube IDE/STM32CubeIDE_1.15.0/STM32CubeIDE/plugins/com.st.stm32cube.ide.mcu.externaltools.gnu-tools-for-stm32.12.3.rel1.win32_1.0.100.202403111256/tools/bin/../lib/gcc/arm-none-eabi/12.3.1/thumb/v7e-m+fp/hard\libgcc.a
LOAD E:/Program/Cube IDE/STM32CubeIDE_1.15.0/STM32CubeIDE/plugins/com.st.stm32cube.ide.mcu.externaltools.gnu-tools-for-stm32.12.3.rel1.win32_1.0.100.202403111256/tools/bin/../lib/gcc/arm-none-eabi/12.3.1/../../../../arm-none-eabi/lib/thumb/v7e-m+fp/hard\libc_nano.a
LOAD E:/Program/Cube IDE/STM32CubeIDE_1.15.0/STM32CubeIDE/plugins/com.st.stm32cube.ide.mcu.externaltools.gnu-tools-for-stm32.12.3.rel1.win32_1.0.100.202403111256/tools/bin/../lib/gcc/arm-none-eabi/12.3.1/../../../../arm-none-eabi/lib/thumb/v7e-m+fp/hard\libnosys.a
END GROUP
LOAD E:/Program/Cube IDE/STM32CubeIDE_1.15.0/STM32CubeIDE/plugins/com.st.stm32cube.ide.mcu.externaltools.gnu-tools-for-stm32.12.3.rel1.win32_1.0.100.202403111256/tools/bin/../lib/gcc/arm-none-eabi/12.3.1/thumb/v7e-m+fp/hard/crtend.o
LOAD E:/Program/Cube IDE/STM32CubeIDE_1.15.0/STM32CubeIDE/plugins/com.st.stm32cube.ide.mcu.externaltools.gnu-tools-for-stm32.12.3.rel1.win32_1.0.100.202403111256/tools/bin/../lib/gcc/arm-none-eabi/12.3.1/thumb/v7e-m+fp/hard/crtn.o
                0x20020000                        _estack = (ORIGIN (RAM) + LENGTH (RAM))
                0x00000200                        _Min_Heap_Size = 0x200
                0x00000400                        _Min_Stack_Size = 0x400

.isr_vector     0x08000000      0x188
                0x08000000                        . = ALIGN (0x4)
 *(.isr_vector)
 .isr_vector    0x08000000      0x188 ./Core/Startup/startup_stm32f407vetx.o
                0x08000000                g_pfnVectors
                0x08000188                        . = ALIGN (0x4)

.text           0x08000190     0x7164
                0x08000190                        . = ALIGN (0x4)
 *(.text)
 .text          0x08000190       0x40 E:/Program/Cube IDE/STM32CubeIDE_1.15.0/STM32CubeIDE/plugins/com.st.stm32cube.ide.mcu.externaltools.gnu-tools-for-stm32.12.3.rel1.win32_1.0.100.202403111256/tools/bin/../lib/gcc/arm-none-eabi/12.3.1/thumb/v7e-m+fp/hard/crtbegin.o
 .text          0x080001d0       0xa0 E:/Program/Cube IDE/STM32CubeIDE_1.15.0/STM32CubeIDE/plugins/com.st.stm32cube.ide.mcu.externaltools.gnu-tools-for-stm32.12.3.rel1.win32_1.0.100.202403111256/tools/bin/../lib/gcc/arm-none-eabi/12.3.1/../../../../arm-none-eabi/lib/thumb/v7e-m+fp/hard\libc_nano.a(libc_a-memchr.o)
                0x080001d0                memchr
 .text          0x08000270       0x30 E:/Program/Cube IDE/STM32CubeIDE_1.15.0/STM32CubeIDE/plugins/com.st.stm32cube.ide.mcu.externaltools.gnu-tools-for-stm32.12.3.rel1.win32_1.0.100.202403111256/tools/bin/../lib/gcc/arm-none-eabi/12.3.1/thumb/v7e-m+fp/hard\libgcc.a(_aeabi_uldivmod.o)
                0x08000270                __aeabi_uldivmod
 .text          0x080002a0      0x2bc E:/Program/Cube IDE/STM32CubeIDE_1.15.0/STM32CubeIDE/plugins/com.st.stm32cube.ide.mcu.externaltools.gnu-tools-for-stm32.12.3.rel1.win32_1.0.100.202403111256/tools/bin/../lib/gcc/arm-none-eabi/12.3.1/thumb/v7e-m+fp/hard\libgcc.a(_udivmoddi4.o)
                0x080002a0                __udivmoddi4
 .text          0x0800055c        0x4 E:/Program/Cube IDE/STM32CubeIDE_1.15.0/STM32CubeIDE/plugins/com.st.stm32cube.ide.mcu.externaltools.gnu-tools-for-stm32.12.3.rel1.win32_1.0.100.202403111256/tools/bin/../lib/gcc/arm-none-eabi/12.3.1/thumb/v7e-m+fp/hard\libgcc.a(_dvmd_tls.o)
                0x0800055c                __aeabi_idiv0
                0x0800055c                __aeabi_ldiv0
 *(.text*)
 .text.MX_DMA_Init
                0x08000560       0x70 ./Core/Src/dma.o
                0x08000560                MX_DMA_Init
 .text.Move_Turn
                0x080005d0      0x17c ./Core/Src/game.o
                0x080005d0                Move_Turn
 .text.Move_Straight
                0x0800074c      0x59c ./Core/Src/game.o
                0x0800074c                Move_Straight
 .text.Move_Stop
                0x08000ce8       0xe0 ./Core/Src/game.o
                0x08000ce8                Move_Stop
 .text.Judge_cross
                0x08000dc8       0x40 ./Core/Src/game.o
                0x08000dc8                Judge_cross
 .text.MX_GPIO_Init
                0x08000e08      0x190 ./Core/Src/gpio.o
                0x08000e08                MX_GPIO_Init
 .text.HAL_TIM_PeriodElapsedCallback
                0x08000f98      0x240 ./Core/Src/main.o
                0x08000f98                HAL_TIM_PeriodElapsedCallback
 .text.HAL_GPIO_EXTI_Callback
                0x080011d8       0x60 ./Core/Src/main.o
                0x080011d8                HAL_GPIO_EXTI_Callback
 .text.main     0x08001238      0xd84 ./Core/Src/main.o
                0x08001238                main
 .text.SystemClock_Config
                0x08001fbc       0xd4 ./Core/Src/main.o
                0x08001fbc                SystemClock_Config
 .text.Error_Handler
                0x08002090        0xc ./Core/Src/main.o
                0x08002090                Error_Handler
 .text.Move_Left
                0x0800209c       0x60 ./Core/Src/move.o
                0x0800209c                Move_Left
 .text.Move_Right
                0x080020fc       0x60 ./Core/Src/move.o
                0x080020fc                Move_Right
 .text.Move_Twin_Wheels
                0x0800215c       0x1e ./Core/Src/move.o
                0x0800215c                Move_Twin_Wheels
 *fill*         0x0800217a        0x2 
 .text.Engine_Init
                0x0800217c       0x34 ./Core/Src/move.o
                0x0800217c                Engine_Init
 .text.GraySensor_Init
                0x080021b0       0x30 ./Core/Src/move.o
                0x080021b0                GraySensor_Init
 .text.Robotic_Arm_Move
                0x080021e0       0x30 ./Core/Src/move.o
                0x080021e0                Robotic_Arm_Move
 .text.HAL_MspInit
                0x08002210       0x50 ./Core/Src/stm32f4xx_hal_msp.o
                0x08002210                HAL_MspInit
 .text.NMI_Handler
                0x08002260        0x8 ./Core/Src/stm32f4xx_it.o
                0x08002260                NMI_Handler
 .text.HardFault_Handler
                0x08002268        0x8 ./Core/Src/stm32f4xx_it.o
                0x08002268                HardFault_Handler
 .text.MemManage_Handler
                0x08002270        0x8 ./Core/Src/stm32f4xx_it.o
                0x08002270                MemManage_Handler
 .text.BusFault_Handler
                0x08002278        0x8 ./Core/Src/stm32f4xx_it.o
                0x08002278                BusFault_Handler
 .text.UsageFault_Handler
                0x08002280        0x8 ./Core/Src/stm32f4xx_it.o
                0x08002280                UsageFault_Handler
 .text.SVC_Handler
                0x08002288        0xe ./Core/Src/stm32f4xx_it.o
                0x08002288                SVC_Handler
 .text.DebugMon_Handler
                0x08002296        0xe ./Core/Src/stm32f4xx_it.o
                0x08002296                DebugMon_Handler
 .text.PendSV_Handler
                0x080022a4        0xe ./Core/Src/stm32f4xx_it.o
                0x080022a4                PendSV_Handler
 .text.SysTick_Handler
                0x080022b2        0xc ./Core/Src/stm32f4xx_it.o
                0x080022b2                SysTick_Handler
 .text.EXTI3_IRQHandler
                0x080022be        0xe ./Core/Src/stm32f4xx_it.o
                0x080022be                EXTI3_IRQHandler
 .text.DMA1_Stream1_IRQHandler
                0x080022cc       0x14 ./Core/Src/stm32f4xx_it.o
                0x080022cc                DMA1_Stream1_IRQHandler
 .text.DMA1_Stream3_IRQHandler
                0x080022e0       0x14 ./Core/Src/stm32f4xx_it.o
                0x080022e0                DMA1_Stream3_IRQHandler
 .text.DMA1_Stream5_IRQHandler
                0x080022f4       0x14 ./Core/Src/stm32f4xx_it.o
                0x080022f4                DMA1_Stream5_IRQHandler
 .text.DMA1_Stream6_IRQHandler
                0x08002308       0x14 ./Core/Src/stm32f4xx_it.o
                0x08002308                DMA1_Stream6_IRQHandler
 .text.TIM2_IRQHandler
                0x0800231c       0x14 ./Core/Src/stm32f4xx_it.o
                0x0800231c                TIM2_IRQHandler
 .text.TIM3_IRQHandler
                0x08002330       0x14 ./Core/Src/stm32f4xx_it.o
                0x08002330                TIM3_IRQHandler
 .text.TIM4_IRQHandler
                0x08002344       0x14 ./Core/Src/stm32f4xx_it.o
                0x08002344                TIM4_IRQHandler
 .text.USART2_IRQHandler
                0x08002358       0x14 ./Core/Src/stm32f4xx_it.o
                0x08002358                USART2_IRQHandler
 .text.USART3_IRQHandler
                0x0800236c       0x14 ./Core/Src/stm32f4xx_it.o
                0x0800236c                USART3_IRQHandler
 .text.TIM5_IRQHandler
                0x08002380       0x14 ./Core/Src/stm32f4xx_it.o
                0x08002380                TIM5_IRQHandler
 .text.TIM6_DAC_IRQHandler
                0x08002394       0x14 ./Core/Src/stm32f4xx_it.o
                0x08002394                TIM6_DAC_IRQHandler
 .text._sbrk    0x080023a8       0x6c ./Core/Src/sysmem.o
                0x080023a8                _sbrk
 .text.SystemInit
                0x08002414       0x24 ./Core/Src/system_stm32f4xx.o
                0x08002414                SystemInit
 .text.MX_TIM2_Init
                0x08002438       0x98 ./Core/Src/tim.o
                0x08002438                MX_TIM2_Init
 .text.MX_TIM3_Init
                0x080024d0      0x118 ./Core/Src/tim.o
                0x080024d0                MX_TIM3_Init
 .text.MX_TIM4_Init
                0x080025e8      0x118 ./Core/Src/tim.o
                0x080025e8                MX_TIM4_Init
 .text.MX_TIM5_Init
                0x08002700       0x9c ./Core/Src/tim.o
                0x08002700                MX_TIM5_Init
 .text.MX_TIM6_Init
                0x0800279c       0x6c ./Core/Src/tim.o
                0x0800279c                MX_TIM6_Init
 .text.HAL_TIM_Base_MspInit
                0x08002808      0x13c ./Core/Src/tim.o
                0x08002808                HAL_TIM_Base_MspInit
 .text.HAL_TIM_MspPostInit
                0x08002944       0xc4 ./Core/Src/tim.o
                0x08002944                HAL_TIM_MspPostInit
 .text.MX_USART2_UART_Init
                0x08002a08       0x54 ./Core/Src/usart.o
                0x08002a08                MX_USART2_UART_Init
 .text.MX_USART3_UART_Init
                0x08002a5c       0x54 ./Core/Src/usart.o
                0x08002a5c                MX_USART3_UART_Init
 .text.HAL_UART_MspInit
                0x08002ab0      0x2b0 ./Core/Src/usart.o
                0x08002ab0                HAL_UART_MspInit
 .text.Reset_Handler
                0x08002d60       0x50 ./Core/Startup/startup_stm32f407vetx.o
                0x08002d60                Reset_Handler
 .text.Default_Handler
                0x08002db0        0x2 ./Core/Startup/startup_stm32f407vetx.o
                0x08002db0                RTC_Alarm_IRQHandler
                0x08002db0                HASH_RNG_IRQHandler
                0x08002db0                EXTI2_IRQHandler
                0x08002db0                TIM8_CC_IRQHandler
                0x08002db0                TIM1_CC_IRQHandler
                0x08002db0                DMA2_Stream5_IRQHandler
                0x08002db0                PVD_IRQHandler
                0x08002db0                SDIO_IRQHandler
                0x08002db0                TAMP_STAMP_IRQHandler
                0x08002db0                CAN2_RX1_IRQHandler
                0x08002db0                TIM8_TRG_COM_TIM14_IRQHandler
                0x08002db0                TIM1_UP_TIM10_IRQHandler
                0x08002db0                TIM8_UP_TIM13_IRQHandler
                0x08002db0                I2C3_ER_IRQHandler
                0x08002db0                EXTI0_IRQHandler
                0x08002db0                I2C2_EV_IRQHandler
                0x08002db0                DMA1_Stream2_IRQHandler
                0x08002db0                CAN1_RX0_IRQHandler
                0x08002db0                FPU_IRQHandler
                0x08002db0                OTG_HS_WKUP_IRQHandler
                0x08002db0                CAN2_SCE_IRQHandler
                0x08002db0                DMA2_Stream2_IRQHandler
                0x08002db0                SPI1_IRQHandler
                0x08002db0                TIM1_BRK_TIM9_IRQHandler
                0x08002db0                DCMI_IRQHandler
                0x08002db0                CAN2_RX0_IRQHandler
                0x08002db0                DMA2_Stream3_IRQHandler
                0x08002db0                USART6_IRQHandler
                0x08002db0                CAN1_RX1_IRQHandler
                0x08002db0                UART5_IRQHandler
                0x08002db0                DMA2_Stream0_IRQHandler
                0x08002db0                I2C1_EV_IRQHandler
                0x08002db0                UART4_IRQHandler
                0x08002db0                RCC_IRQHandler
                0x08002db0                TIM8_BRK_TIM12_IRQHandler
                0x08002db0                Default_Handler
                0x08002db0                EXTI15_10_IRQHandler
                0x08002db0                ADC_IRQHandler
                0x08002db0                DMA1_Stream7_IRQHandler
                0x08002db0                TIM7_IRQHandler
                0x08002db0                CAN2_TX_IRQHandler
                0x08002db0                DMA2_Stream7_IRQHandler
                0x08002db0                I2C3_EV_IRQHandler
                0x08002db0                EXTI9_5_IRQHandler
                0x08002db0                RTC_WKUP_IRQHandler
                0x08002db0                ETH_WKUP_IRQHandler
                0x08002db0                SPI2_IRQHandler
                0x08002db0                OTG_HS_EP1_IN_IRQHandler
                0x08002db0                DMA1_Stream0_IRQHandler
                0x08002db0                CAN1_TX_IRQHandler
                0x08002db0                EXTI4_IRQHandler
                0x08002db0                FSMC_IRQHandler
                0x08002db0                ETH_IRQHandler
                0x08002db0                OTG_HS_EP1_OUT_IRQHandler
                0x08002db0                WWDG_IRQHandler
                0x08002db0                OTG_FS_WKUP_IRQHandler
                0x08002db0                TIM1_TRG_COM_TIM11_IRQHandler
                0x08002db0                OTG_HS_IRQHandler
                0x08002db0                EXTI1_IRQHandler
                0x08002db0                I2C2_ER_IRQHandler
                0x08002db0                DMA2_Stream1_IRQHandler
                0x08002db0                CAN1_SCE_IRQHandler
                0x08002db0                FLASH_IRQHandler
                0x08002db0                DMA2_Stream4_IRQHandler
                0x08002db0                USART1_IRQHandler
                0x08002db0                OTG_FS_IRQHandler
                0x08002db0                SPI3_IRQHandler
                0x08002db0                DMA1_Stream4_IRQHandler
                0x08002db0                I2C1_ER_IRQHandler
                0x08002db0                DMA2_Stream6_IRQHandler
 *fill*         0x08002db2        0x2 
 .text.HAL_Init
                0x08002db4       0x44 ./Drivers/STM32F4xx_HAL_Driver/Src/stm32f4xx_hal.o
                0x08002db4                HAL_Init
 .text.HAL_InitTick
                0x08002df8       0x60 ./Drivers/STM32F4xx_HAL_Driver/Src/stm32f4xx_hal.o
                0x08002df8                HAL_InitTick
 .text.HAL_IncTick
                0x08002e58       0x28 ./Drivers/STM32F4xx_HAL_Driver/Src/stm32f4xx_hal.o
                0x08002e58                HAL_IncTick
 .text.HAL_GetTick
                0x08002e80       0x18 ./Drivers/STM32F4xx_HAL_Driver/Src/stm32f4xx_hal.o
                0x08002e80                HAL_GetTick
 .text.HAL_Delay
                0x08002e98       0x48 ./Drivers/STM32F4xx_HAL_Driver/Src/stm32f4xx_hal.o
                0x08002e98                HAL_Delay
 .text.__NVIC_SetPriorityGrouping
                0x08002ee0       0x48 ./Drivers/STM32F4xx_HAL_Driver/Src/stm32f4xx_hal_cortex.o
 .text.__NVIC_GetPriorityGrouping
                0x08002f28       0x1c ./Drivers/STM32F4xx_HAL_Driver/Src/stm32f4xx_hal_cortex.o
 .text.__NVIC_EnableIRQ
                0x08002f44       0x3c ./Drivers/STM32F4xx_HAL_Driver/Src/stm32f4xx_hal_cortex.o
 .text.__NVIC_SetPriority
                0x08002f80       0x54 ./Drivers/STM32F4xx_HAL_Driver/Src/stm32f4xx_hal_cortex.o
 .text.NVIC_EncodePriority
                0x08002fd4       0x66 ./Drivers/STM32F4xx_HAL_Driver/Src/stm32f4xx_hal_cortex.o
 *fill*         0x0800303a        0x2 
 .text.SysTick_Config
                0x0800303c       0x44 ./Drivers/STM32F4xx_HAL_Driver/Src/stm32f4xx_hal_cortex.o
 .text.HAL_NVIC_SetPriorityGrouping
                0x08003080       0x16 ./Drivers/STM32F4xx_HAL_Driver/Src/stm32f4xx_hal_cortex.o
                0x08003080                HAL_NVIC_SetPriorityGrouping
 .text.HAL_NVIC_SetPriority
                0x08003096       0x38 ./Drivers/STM32F4xx_HAL_Driver/Src/stm32f4xx_hal_cortex.o
                0x08003096                HAL_NVIC_SetPriority
 .text.HAL_NVIC_EnableIRQ
                0x080030ce       0x1c ./Drivers/STM32F4xx_HAL_Driver/Src/stm32f4xx_hal_cortex.o
                0x080030ce                HAL_NVIC_EnableIRQ
 .text.HAL_SYSTICK_Config
                0x080030ea       0x18 ./Drivers/STM32F4xx_HAL_Driver/Src/stm32f4xx_hal_cortex.o
                0x080030ea                HAL_SYSTICK_Config
 *fill*         0x08003102        0x2 
 .text.HAL_DMA_Init
                0x08003104      0x15c ./Drivers/STM32F4xx_HAL_Driver/Src/stm32f4xx_hal_dma.o
                0x08003104                HAL_DMA_Init
 .text.HAL_DMA_Start_IT
                0x08003260       0xb0 ./Drivers/STM32F4xx_HAL_Driver/Src/stm32f4xx_hal_dma.o
                0x08003260                HAL_DMA_Start_IT
 .text.HAL_DMA_Abort
                0x08003310       0xe0 ./Drivers/STM32F4xx_HAL_Driver/Src/stm32f4xx_hal_dma.o
                0x08003310                HAL_DMA_Abort
 .text.HAL_DMA_Abort_IT
                0x080033f0       0x44 ./Drivers/STM32F4xx_HAL_Driver/Src/stm32f4xx_hal_dma.o
                0x080033f0                HAL_DMA_Abort_IT
 .text.HAL_DMA_IRQHandler
                0x08003434      0x314 ./Drivers/STM32F4xx_HAL_Driver/Src/stm32f4xx_hal_dma.o
                0x08003434                HAL_DMA_IRQHandler
 .text.DMA_SetConfig
                0x08003748       0x5c ./Drivers/STM32F4xx_HAL_Driver/Src/stm32f4xx_hal_dma.o
 .text.DMA_CalcBaseAndBitshift
                0x080037a4       0x6c ./Drivers/STM32F4xx_HAL_Driver/Src/stm32f4xx_hal_dma.o
 .text.DMA_CheckFifoParam
                0x08003810       0xf8 ./Drivers/STM32F4xx_HAL_Driver/Src/stm32f4xx_hal_dma.o
 .text.HAL_GPIO_Init
                0x08003908      0x338 ./Drivers/STM32F4xx_HAL_Driver/Src/stm32f4xx_hal_gpio.o
                0x08003908                HAL_GPIO_Init
 .text.HAL_GPIO_ReadPin
                0x08003c40       0x30 ./Drivers/STM32F4xx_HAL_Driver/Src/stm32f4xx_hal_gpio.o
                0x08003c40                HAL_GPIO_ReadPin
 .text.HAL_GPIO_WritePin
                0x08003c70       0x32 ./Drivers/STM32F4xx_HAL_Driver/Src/stm32f4xx_hal_gpio.o
                0x08003c70                HAL_GPIO_WritePin
 *fill*         0x08003ca2        0x2 
 .text.HAL_GPIO_EXTI_IRQHandler
                0x08003ca4       0x30 ./Drivers/STM32F4xx_HAL_Driver/Src/stm32f4xx_hal_gpio.o
                0x08003ca4                HAL_GPIO_EXTI_IRQHandler
 .text.HAL_PWR_EnterSTANDBYMode
                0x08003cd4       0x30 ./Drivers/STM32F4xx_HAL_Driver/Src/stm32f4xx_hal_pwr.o
                0x08003cd4                HAL_PWR_EnterSTANDBYMode
 .text.HAL_RCC_OscConfig
                0x08003d04      0x4f0 ./Drivers/STM32F4xx_HAL_Driver/Src/stm32f4xx_hal_rcc.o
                0x08003d04                HAL_RCC_OscConfig
 .text.HAL_RCC_ClockConfig
                0x080041f4      0x1cc ./Drivers/STM32F4xx_HAL_Driver/Src/stm32f4xx_hal_rcc.o
                0x080041f4                HAL_RCC_ClockConfig
 .text.HAL_RCC_GetSysClockFreq
                0x080043c0      0x20c ./Drivers/STM32F4xx_HAL_Driver/Src/stm32f4xx_hal_rcc.o
                0x080043c0                HAL_RCC_GetSysClockFreq
 .text.HAL_RCC_GetHCLKFreq
                0x080045cc       0x18 ./Drivers/STM32F4xx_HAL_Driver/Src/stm32f4xx_hal_rcc.o
                0x080045cc                HAL_RCC_GetHCLKFreq
 .text.HAL_RCC_GetPCLK1Freq
                0x080045e4       0x28 ./Drivers/STM32F4xx_HAL_Driver/Src/stm32f4xx_hal_rcc.o
                0x080045e4                HAL_RCC_GetPCLK1Freq
 .text.HAL_RCC_GetPCLK2Freq
                0x0800460c       0x28 ./Drivers/STM32F4xx_HAL_Driver/Src/stm32f4xx_hal_rcc.o
                0x0800460c                HAL_RCC_GetPCLK2Freq
 .text.HAL_TIM_Base_Init
                0x08004634       0x9e ./Drivers/STM32F4xx_HAL_Driver/Src/stm32f4xx_hal_tim.o
                0x08004634                HAL_TIM_Base_Init
 *fill*         0x080046d2        0x2 
 .text.HAL_TIM_Base_Start_IT
                0x080046d4       0xe0 ./Drivers/STM32F4xx_HAL_Driver/Src/stm32f4xx_hal_tim.o
                0x080046d4                HAL_TIM_Base_Start_IT
 .text.HAL_TIM_PWM_Init
                0x080047b4       0x9e ./Drivers/STM32F4xx_HAL_Driver/Src/stm32f4xx_hal_tim.o
                0x080047b4                HAL_TIM_PWM_Init
 .text.HAL_TIM_PWM_MspInit
                0x08004852       0x14 ./Drivers/STM32F4xx_HAL_Driver/Src/stm32f4xx_hal_tim.o
                0x08004852                HAL_TIM_PWM_MspInit
 *fill*         0x08004866        0x2 
 .text.HAL_TIM_PWM_Start_IT
                0x08004868      0x22c ./Drivers/STM32F4xx_HAL_Driver/Src/stm32f4xx_hal_tim.o
                0x08004868                HAL_TIM_PWM_Start_IT
 .text.HAL_TIM_IRQHandler
                0x08004a94      0x1e0 ./Drivers/STM32F4xx_HAL_Driver/Src/stm32f4xx_hal_tim.o
                0x08004a94                HAL_TIM_IRQHandler
 .text.HAL_TIM_PWM_ConfigChannel
                0x08004c74      0x184 ./Drivers/STM32F4xx_HAL_Driver/Src/stm32f4xx_hal_tim.o
                0x08004c74                HAL_TIM_PWM_ConfigChannel
 .text.HAL_TIM_ConfigClockSource
                0x08004df8      0x18e ./Drivers/STM32F4xx_HAL_Driver/Src/stm32f4xx_hal_tim.o
                0x08004df8                HAL_TIM_ConfigClockSource
 .text.HAL_TIM_SlaveConfigSynchro
                0x08004f86       0x84 ./Drivers/STM32F4xx_HAL_Driver/Src/stm32f4xx_hal_tim.o
                0x08004f86                HAL_TIM_SlaveConfigSynchro
 .text.HAL_TIM_OC_DelayElapsedCallback
                0x0800500a       0x14 ./Drivers/STM32F4xx_HAL_Driver/Src/stm32f4xx_hal_tim.o
                0x0800500a                HAL_TIM_OC_DelayElapsedCallback
 .text.HAL_TIM_IC_CaptureCallback
                0x0800501e       0x14 ./Drivers/STM32F4xx_HAL_Driver/Src/stm32f4xx_hal_tim.o
                0x0800501e                HAL_TIM_IC_CaptureCallback
 .text.HAL_TIM_PWM_PulseFinishedCallback
                0x08005032       0x14 ./Drivers/STM32F4xx_HAL_Driver/Src/stm32f4xx_hal_tim.o
                0x08005032                HAL_TIM_PWM_PulseFinishedCallback
 .text.HAL_TIM_TriggerCallback
                0x08005046       0x14 ./Drivers/STM32F4xx_HAL_Driver/Src/stm32f4xx_hal_tim.o
                0x08005046                HAL_TIM_TriggerCallback
 *fill*         0x0800505a        0x2 
 .text.TIM_Base_SetConfig
                0x0800505c      0x158 ./Drivers/STM32F4xx_HAL_Driver/Src/stm32f4xx_hal_tim.o
                0x0800505c                TIM_Base_SetConfig
 .text.TIM_OC1_SetConfig
                0x080051b4       0xe0 ./Drivers/STM32F4xx_HAL_Driver/Src/stm32f4xx_hal_tim.o
 .text.TIM_OC2_SetConfig
                0x08005294       0xec ./Drivers/STM32F4xx_HAL_Driver/Src/stm32f4xx_hal_tim.o
                0x08005294                TIM_OC2_SetConfig
 .text.TIM_OC3_SetConfig
                0x08005380       0xe8 ./Drivers/STM32F4xx_HAL_Driver/Src/stm32f4xx_hal_tim.o
 .text.TIM_OC4_SetConfig
                0x08005468       0xac ./Drivers/STM32F4xx_HAL_Driver/Src/stm32f4xx_hal_tim.o
 .text.TIM_SlaveTimer_SetConfig
                0x08005514      0x122 ./Drivers/STM32F4xx_HAL_Driver/Src/stm32f4xx_hal_tim.o
 .text.TIM_TI1_ConfigInputStage
                0x08005636       0x5e ./Drivers/STM32F4xx_HAL_Driver/Src/stm32f4xx_hal_tim.o
 .text.TIM_TI2_ConfigInputStage
                0x08005694       0x60 ./Drivers/STM32F4xx_HAL_Driver/Src/stm32f4xx_hal_tim.o
 .text.TIM_ITRx_SetConfig
                0x080056f4       0x36 ./Drivers/STM32F4xx_HAL_Driver/Src/stm32f4xx_hal_tim.o
 .text.TIM_ETR_SetConfig
                0x0800572a       0x40 ./Drivers/STM32F4xx_HAL_Driver/Src/stm32f4xx_hal_tim.o
                0x0800572a                TIM_ETR_SetConfig
 .text.TIM_CCxChannelCmd
                0x0800576a       0x4a ./Drivers/STM32F4xx_HAL_Driver/Src/stm32f4xx_hal_tim.o
                0x0800576a                TIM_CCxChannelCmd
 .text.HAL_TIMEx_MasterConfigSynchronization
                0x080057b4       0xf8 ./Drivers/STM32F4xx_HAL_Driver/Src/stm32f4xx_hal_tim_ex.o
                0x080057b4                HAL_TIMEx_MasterConfigSynchronization
 .text.HAL_TIMEx_CommutCallback
                0x080058ac       0x14 ./Drivers/STM32F4xx_HAL_Driver/Src/stm32f4xx_hal_tim_ex.o
                0x080058ac                HAL_TIMEx_CommutCallback
 .text.HAL_TIMEx_BreakCallback
                0x080058c0       0x14 ./Drivers/STM32F4xx_HAL_Driver/Src/stm32f4xx_hal_tim_ex.o
                0x080058c0                HAL_TIMEx_BreakCallback
 .text.HAL_UART_Init
                0x080058d4       0xa0 ./Drivers/STM32F4xx_HAL_Driver/Src/stm32f4xx_hal_uart.o
                0x080058d4                HAL_UART_Init
 .text.HAL_UART_Transmit_DMA
                0x08005974       0xe0 ./Drivers/STM32F4xx_HAL_Driver/Src/stm32f4xx_hal_uart.o
                0x08005974                HAL_UART_Transmit_DMA
 .text.HAL_UART_IRQHandler
                0x08005a54      0x524 ./Drivers/STM32F4xx_HAL_Driver/Src/stm32f4xx_hal_uart.o
                0x08005a54                HAL_UART_IRQHandler
 .text.HAL_UART_TxCpltCallback
                0x08005f78       0x14 ./Drivers/STM32F4xx_HAL_Driver/Src/stm32f4xx_hal_uart.o
                0x08005f78                HAL_UART_TxCpltCallback
 .text.HAL_UART_TxHalfCpltCallback
                0x08005f8c       0x14 ./Drivers/STM32F4xx_HAL_Driver/Src/stm32f4xx_hal_uart.o
                0x08005f8c                HAL_UART_TxHalfCpltCallback
 .text.HAL_UART_RxCpltCallback
                0x08005fa0       0x14 ./Drivers/STM32F4xx_HAL_Driver/Src/stm32f4xx_hal_uart.o
                0x08005fa0                HAL_UART_RxCpltCallback
 .text.HAL_UART_ErrorCallback
                0x08005fb4       0x14 ./Drivers/STM32F4xx_HAL_Driver/Src/stm32f4xx_hal_uart.o
                0x08005fb4                HAL_UART_ErrorCallback
 .text.HAL_UARTEx_RxEventCallback
                0x08005fc8       0x18 ./Drivers/STM32F4xx_HAL_Driver/Src/stm32f4xx_hal_uart.o
                0x08005fc8                HAL_UARTEx_RxEventCallback
 .text.UART_DMATransmitCplt
                0x08005fe0       0x9a ./Drivers/STM32F4xx_HAL_Driver/Src/stm32f4xx_hal_uart.o
 .text.UART_DMATxHalfCplt
                0x0800607a       0x1c ./Drivers/STM32F4xx_HAL_Driver/Src/stm32f4xx_hal_uart.o
 .text.UART_DMAError
                0x08006096       0x94 ./Drivers/STM32F4xx_HAL_Driver/Src/stm32f4xx_hal_uart.o
 .text.UART_EndTxTransfer
                0x0800612a       0x50 ./Drivers/STM32F4xx_HAL_Driver/Src/stm32f4xx_hal_uart.o
 .text.UART_EndRxTransfer
                0x0800617a       0xc6 ./Drivers/STM32F4xx_HAL_Driver/Src/stm32f4xx_hal_uart.o
 .text.UART_DMAAbortOnError
                0x08006240       0x28 ./Drivers/STM32F4xx_HAL_Driver/Src/stm32f4xx_hal_uart.o
 .text.UART_Transmit_IT
                0x08006268       0xa0 ./Drivers/STM32F4xx_HAL_Driver/Src/stm32f4xx_hal_uart.o
 .text.UART_EndTransmit_IT
                0x08006308       0x30 ./Drivers/STM32F4xx_HAL_Driver/Src/stm32f4xx_hal_uart.o
 .text.UART_Receive_IT
                0x08006338      0x17c ./Drivers/STM32F4xx_HAL_Driver/Src/stm32f4xx_hal_uart.o
 .text.UART_SetConfig
                0x080064b4      0x4e8 ./Drivers/STM32F4xx_HAL_Driver/Src/stm32f4xx_hal_uart.o
 .text.sprintf  0x0800699c       0x40 E:/Program/Cube IDE/STM32CubeIDE_1.15.0/STM32CubeIDE/plugins/com.st.stm32cube.ide.mcu.externaltools.gnu-tools-for-stm32.12.3.rel1.win32_1.0.100.202403111256/tools/bin/../lib/gcc/arm-none-eabi/12.3.1/../../../../arm-none-eabi/lib/thumb/v7e-m+fp/hard\libc_nano.a(libc_a-sprintf.o)
                0x0800699c                siprintf
                0x0800699c                sprintf
 .text.memset   0x080069dc       0x10 E:/Program/Cube IDE/STM32CubeIDE_1.15.0/STM32CubeIDE/plugins/com.st.stm32cube.ide.mcu.externaltools.gnu-tools-for-stm32.12.3.rel1.win32_1.0.100.202403111256/tools/bin/../lib/gcc/arm-none-eabi/12.3.1/../../../../arm-none-eabi/lib/thumb/v7e-m+fp/hard\libc_nano.a(libc_a-memset.o)
                0x080069dc                memset
 .text.__errno  0x080069ec        0xc E:/Program/Cube IDE/STM32CubeIDE_1.15.0/STM32CubeIDE/plugins/com.st.stm32cube.ide.mcu.externaltools.gnu-tools-for-stm32.12.3.rel1.win32_1.0.100.202403111256/tools/bin/../lib/gcc/arm-none-eabi/12.3.1/../../../../arm-none-eabi/lib/thumb/v7e-m+fp/hard\libc_nano.a(libc_a-errno.o)
                0x080069ec                __errno
 .text.__libc_init_array
                0x080069f8       0x48 E:/Program/Cube IDE/STM32CubeIDE_1.15.0/STM32CubeIDE/plugins/com.st.stm32cube.ide.mcu.externaltools.gnu-tools-for-stm32.12.3.rel1.win32_1.0.100.202403111256/tools/bin/../lib/gcc/arm-none-eabi/12.3.1/../../../../arm-none-eabi/lib/thumb/v7e-m+fp/hard\libc_nano.a(libc_a-init.o)
                0x080069f8                __libc_init_array
 .text.__retarget_lock_acquire_recursive
                0x08006a40        0x2 E:/Program/Cube IDE/STM32CubeIDE_1.15.0/STM32CubeIDE/plugins/com.st.stm32cube.ide.mcu.externaltools.gnu-tools-for-stm32.12.3.rel1.win32_1.0.100.202403111256/tools/bin/../lib/gcc/arm-none-eabi/12.3.1/../../../../arm-none-eabi/lib/thumb/v7e-m+fp/hard\libc_nano.a(libc_a-lock.o)
                0x08006a40                __retarget_lock_acquire_recursive
 .text.__retarget_lock_release_recursive
                0x08006a42        0x2 E:/Program/Cube IDE/STM32CubeIDE_1.15.0/STM32CubeIDE/plugins/com.st.stm32cube.ide.mcu.externaltools.gnu-tools-for-stm32.12.3.rel1.win32_1.0.100.202403111256/tools/bin/../lib/gcc/arm-none-eabi/12.3.1/../../../../arm-none-eabi/lib/thumb/v7e-m+fp/hard\libc_nano.a(libc_a-lock.o)
                0x08006a42                __retarget_lock_release_recursive
 .text._free_r  0x08006a44       0x94 E:/Program/Cube IDE/STM32CubeIDE_1.15.0/STM32CubeIDE/plugins/com.st.stm32cube.ide.mcu.externaltools.gnu-tools-for-stm32.12.3.rel1.win32_1.0.100.202403111256/tools/bin/../lib/gcc/arm-none-eabi/12.3.1/../../../../arm-none-eabi/lib/thumb/v7e-m+fp/hard\libc_nano.a(libc_a-freer.o)
                0x08006a44                _free_r
 .text.sbrk_aligned
                0x08006ad8       0x44 E:/Program/Cube IDE/STM32CubeIDE_1.15.0/STM32CubeIDE/plugins/com.st.stm32cube.ide.mcu.externaltools.gnu-tools-for-stm32.12.3.rel1.win32_1.0.100.202403111256/tools/bin/../lib/gcc/arm-none-eabi/12.3.1/../../../../arm-none-eabi/lib/thumb/v7e-m+fp/hard\libc_nano.a(libc_a-mallocr.o)
 .text._malloc_r
                0x08006b1c      0x100 E:/Program/Cube IDE/STM32CubeIDE_1.15.0/STM32CubeIDE/plugins/com.st.stm32cube.ide.mcu.externaltools.gnu-tools-for-stm32.12.3.rel1.win32_1.0.100.202403111256/tools/bin/../lib/gcc/arm-none-eabi/12.3.1/../../../../arm-none-eabi/lib/thumb/v7e-m+fp/hard\libc_nano.a(libc_a-mallocr.o)
                0x08006b1c                _malloc_r
 .text.__malloc_lock
                0x08006c1c        0xc E:/Program/Cube IDE/STM32CubeIDE_1.15.0/STM32CubeIDE/plugins/com.st.stm32cube.ide.mcu.externaltools.gnu-tools-for-stm32.12.3.rel1.win32_1.0.100.202403111256/tools/bin/../lib/gcc/arm-none-eabi/12.3.1/../../../../arm-none-eabi/lib/thumb/v7e-m+fp/hard\libc_nano.a(libc_a-mlock.o)
                0x08006c1c                __malloc_lock
 .text.__malloc_unlock
                0x08006c28        0xc E:/Program/Cube IDE/STM32CubeIDE_1.15.0/STM32CubeIDE/plugins/com.st.stm32cube.ide.mcu.externaltools.gnu-tools-for-stm32.12.3.rel1.win32_1.0.100.202403111256/tools/bin/../lib/gcc/arm-none-eabi/12.3.1/../../../../arm-none-eabi/lib/thumb/v7e-m+fp/hard\libc_nano.a(libc_a-mlock.o)
                0x08006c28                __malloc_unlock
 .text.__ssputs_r
                0x08006c34       0xb6 E:/Program/Cube IDE/STM32CubeIDE_1.15.0/STM32CubeIDE/plugins/com.st.stm32cube.ide.mcu.externaltools.gnu-tools-for-stm32.12.3.rel1.win32_1.0.100.202403111256/tools/bin/../lib/gcc/arm-none-eabi/12.3.1/../../../../arm-none-eabi/lib/thumb/v7e-m+fp/hard\libc_nano.a(libc_a-nano-svfprintf.o)
                0x08006c34                __ssputs_r
 *fill*         0x08006cea        0x2 
 .text._svfprintf_r
                0x08006cec      0x1f8 E:/Program/Cube IDE/STM32CubeIDE_1.15.0/STM32CubeIDE/plugins/com.st.stm32cube.ide.mcu.externaltools.gnu-tools-for-stm32.12.3.rel1.win32_1.0.100.202403111256/tools/bin/../lib/gcc/arm-none-eabi/12.3.1/../../../../arm-none-eabi/lib/thumb/v7e-m+fp/hard\libc_nano.a(libc_a-nano-svfprintf.o)
                0x08006cec                _svfiprintf_r
                0x08006cec                _svfprintf_r
 .text._printf_common
                0x08006ee4       0xda E:/Program/Cube IDE/STM32CubeIDE_1.15.0/STM32CubeIDE/plugins/com.st.stm32cube.ide.mcu.externaltools.gnu-tools-for-stm32.12.3.rel1.win32_1.0.100.202403111256/tools/bin/../lib/gcc/arm-none-eabi/12.3.1/../../../../arm-none-eabi/lib/thumb/v7e-m+fp/hard\libc_nano.a(libc_a-nano-vfprintf_i.o)
                0x08006ee4                _printf_common
 *fill*         0x08006fbe        0x2 
 .text._printf_i
                0x08006fc0      0x240 E:/Program/Cube IDE/STM32CubeIDE_1.15.0/STM32CubeIDE/plugins/com.st.stm32cube.ide.mcu.externaltools.gnu-tools-for-stm32.12.3.rel1.win32_1.0.100.202403111256/tools/bin/../lib/gcc/arm-none-eabi/12.3.1/../../../../arm-none-eabi/lib/thumb/v7e-m+fp/hard\libc_nano.a(libc_a-nano-vfprintf_i.o)
                0x08006fc0                _printf_i
 .text.memmove  0x08007200       0x34 E:/Program/Cube IDE/STM32CubeIDE_1.15.0/STM32CubeIDE/plugins/com.st.stm32cube.ide.mcu.externaltools.gnu-tools-for-stm32.12.3.rel1.win32_1.0.100.202403111256/tools/bin/../lib/gcc/arm-none-eabi/12.3.1/../../../../arm-none-eabi/lib/thumb/v7e-m+fp/hard\libc_nano.a(libc_a-memmove.o)
                0x08007200                memmove
 .text._sbrk_r  0x08007234       0x20 E:/Program/Cube IDE/STM32CubeIDE_1.15.0/STM32CubeIDE/plugins/com.st.stm32cube.ide.mcu.externaltools.gnu-tools-for-stm32.12.3.rel1.win32_1.0.100.202403111256/tools/bin/../lib/gcc/arm-none-eabi/12.3.1/../../../../arm-none-eabi/lib/thumb/v7e-m+fp/hard\libc_nano.a(libc_a-sbrkr.o)
                0x08007234                _sbrk_r
 .text.memcpy   0x08007254       0x1c E:/Program/Cube IDE/STM32CubeIDE_1.15.0/STM32CubeIDE/plugins/com.st.stm32cube.ide.mcu.externaltools.gnu-tools-for-stm32.12.3.rel1.win32_1.0.100.202403111256/tools/bin/../lib/gcc/arm-none-eabi/12.3.1/../../../../arm-none-eabi/lib/thumb/v7e-m+fp/hard\libc_nano.a(libc_a-memcpy-stub.o)
                0x08007254                memcpy
 .text._realloc_r
                0x08007270       0x5c E:/Program/Cube IDE/STM32CubeIDE_1.15.0/STM32CubeIDE/plugins/com.st.stm32cube.ide.mcu.externaltools.gnu-tools-for-stm32.12.3.rel1.win32_1.0.100.202403111256/tools/bin/../lib/gcc/arm-none-eabi/12.3.1/../../../../arm-none-eabi/lib/thumb/v7e-m+fp/hard\libc_nano.a(libc_a-reallocr.o)
                0x08007270                _realloc_r
 .text._malloc_usable_size_r
                0x080072cc       0x10 E:/Program/Cube IDE/STM32CubeIDE_1.15.0/STM32CubeIDE/plugins/com.st.stm32cube.ide.mcu.externaltools.gnu-tools-for-stm32.12.3.rel1.win32_1.0.100.202403111256/tools/bin/../lib/gcc/arm-none-eabi/12.3.1/../../../../arm-none-eabi/lib/thumb/v7e-m+fp/hard\libc_nano.a(libc_a-msizer.o)
                0x080072cc                _malloc_usable_size_r
 *(.glue_7)
 .glue_7        0x080072dc        0x0 linker stubs
 *(.glue_7t)
 .glue_7t       0x080072dc        0x0 linker stubs
 *(.eh_frame)
 .eh_frame      0x080072dc        0x0 E:/Program/Cube IDE/STM32CubeIDE_1.15.0/STM32CubeIDE/plugins/com.st.stm32cube.ide.mcu.externaltools.gnu-tools-for-stm32.12.3.rel1.win32_1.0.100.202403111256/tools/bin/../lib/gcc/arm-none-eabi/12.3.1/thumb/v7e-m+fp/hard/crtbegin.o
 *(.init)
 .init          0x080072dc        0x4 E:/Program/Cube IDE/STM32CubeIDE_1.15.0/STM32CubeIDE/plugins/com.st.stm32cube.ide.mcu.externaltools.gnu-tools-for-stm32.12.3.rel1.win32_1.0.100.202403111256/tools/bin/../lib/gcc/arm-none-eabi/12.3.1/thumb/v7e-m+fp/hard/crti.o
                0x080072dc                _init
 .init          0x080072e0        0x8 E:/Program/Cube IDE/STM32CubeIDE_1.15.0/STM32CubeIDE/plugins/com.st.stm32cube.ide.mcu.externaltools.gnu-tools-for-stm32.12.3.rel1.win32_1.0.100.202403111256/tools/bin/../lib/gcc/arm-none-eabi/12.3.1/thumb/v7e-m+fp/hard/crtn.o
 *(.fini)
 .fini          0x080072e8        0x4 E:/Program/Cube IDE/STM32CubeIDE_1.15.0/STM32CubeIDE/plugins/com.st.stm32cube.ide.mcu.externaltools.gnu-tools-for-stm32.12.3.rel1.win32_1.0.100.202403111256/tools/bin/../lib/gcc/arm-none-eabi/12.3.1/thumb/v7e-m+fp/hard/crti.o
                0x080072e8                _fini
 .fini          0x080072ec        0x8 E:/Program/Cube IDE/STM32CubeIDE_1.15.0/STM32CubeIDE/plugins/com.st.stm32cube.ide.mcu.externaltools.gnu-tools-for-stm32.12.3.rel1.win32_1.0.100.202403111256/tools/bin/../lib/gcc/arm-none-eabi/12.3.1/thumb/v7e-m+fp/hard/crtn.o
                0x080072f4                        . = ALIGN (0x4)
                0x080072f4                        _etext = .

.vfp11_veneer   0x080072f4        0x0
 .vfp11_veneer  0x080072f4        0x0 linker stubs

.v4_bx          0x080072f4        0x0
 .v4_bx         0x080072f4        0x0 linker stubs

.iplt           0x080072f4        0x0
 .iplt          0x080072f4        0x0 E:/Program/Cube IDE/STM32CubeIDE_1.15.0/STM32CubeIDE/plugins/com.st.stm32cube.ide.mcu.externaltools.gnu-tools-for-stm32.12.3.rel1.win32_1.0.100.202403111256/tools/bin/../lib/gcc/arm-none-eabi/12.3.1/thumb/v7e-m+fp/hard/crtbegin.o

.rodata         0x080072f4       0xa8
                0x080072f4                        . = ALIGN (0x4)
 *(.rodata)
 .rodata        0x080072f4       0x28 ./Core/Src/game.o
 .rodata        0x0800731c       0x29 ./Core/Src/main.o
 *(.rodata*)
 *fill*         0x08007345        0x3 
 .rodata.AHBPrescTable
                0x08007348       0x10 ./Core/Src/system_stm32f4xx.o
                0x08007348                AHBPrescTable
 .rodata.APBPrescTable
                0x08007358        0x8 ./Core/Src/system_stm32f4xx.o
                0x08007358                APBPrescTable
 .rodata.flagBitshiftOffset.0
                0x08007360        0x8 ./Drivers/STM32F4xx_HAL_Driver/Src/stm32f4xx_hal_dma.o
 .rodata._svfprintf_r.str1.1
                0x08007368       0x11 E:/Program/Cube IDE/STM32CubeIDE_1.15.0/STM32CubeIDE/plugins/com.st.stm32cube.ide.mcu.externaltools.gnu-tools-for-stm32.12.3.rel1.win32_1.0.100.202403111256/tools/bin/../lib/gcc/arm-none-eabi/12.3.1/../../../../arm-none-eabi/lib/thumb/v7e-m+fp/hard\libc_nano.a(libc_a-nano-svfprintf.o)
 .rodata._printf_i.str1.1
                0x08007379       0x22 E:/Program/Cube IDE/STM32CubeIDE_1.15.0/STM32CubeIDE/plugins/com.st.stm32cube.ide.mcu.externaltools.gnu-tools-for-stm32.12.3.rel1.win32_1.0.100.202403111256/tools/bin/../lib/gcc/arm-none-eabi/12.3.1/../../../../arm-none-eabi/lib/thumb/v7e-m+fp/hard\libc_nano.a(libc_a-nano-vfprintf_i.o)
                0x0800739c                        . = ALIGN (0x4)
 *fill*         0x0800739b        0x1 

.ARM.extab      0x0800739c        0x0
                0x0800739c                        . = ALIGN (0x4)
 *(.ARM.extab* .gnu.linkonce.armextab.*)
                0x0800739c                        . = ALIGN (0x4)

.ARM            0x0800739c        0x8
                0x0800739c                        . = ALIGN (0x4)
                0x0800739c                        __exidx_start = .
 *(.ARM.exidx*)
 .ARM.exidx     0x0800739c        0x8 E:/Program/Cube IDE/STM32CubeIDE_1.15.0/STM32CubeIDE/plugins/com.st.stm32cube.ide.mcu.externaltools.gnu-tools-for-stm32.12.3.rel1.win32_1.0.100.202403111256/tools/bin/../lib/gcc/arm-none-eabi/12.3.1/../../../../arm-none-eabi/lib/thumb/v7e-m+fp/hard\libc_nano.a(libc_a-memchr.o)
 .ARM.exidx     0x080073a4        0x0 E:/Program/Cube IDE/STM32CubeIDE_1.15.0/STM32CubeIDE/plugins/com.st.stm32cube.ide.mcu.externaltools.gnu-tools-for-stm32.12.3.rel1.win32_1.0.100.202403111256/tools/bin/../lib/gcc/arm-none-eabi/12.3.1/thumb/v7e-m+fp/hard\libgcc.a(_udivmoddi4.o)
                                  0x8 (size before relaxing)
                0x080073a4                        __exidx_end = .
                0x080073a4                        . = ALIGN (0x4)

.preinit_array  0x080073a4        0x0
                0x080073a4                        . = ALIGN (0x4)
                0x080073a4                        PROVIDE (__preinit_array_start = .)
 *(.preinit_array*)
                0x080073a4                        PROVIDE (__preinit_array_end = .)
                0x080073a4                        . = ALIGN (0x4)

.init_array     0x080073a4        0x4
                0x080073a4                        . = ALIGN (0x4)
                0x080073a4                        PROVIDE (__init_array_start = .)
 *(SORT_BY_NAME(.init_array.*))
 *(.init_array*)
 .init_array    0x080073a4        0x4 E:/Program/Cube IDE/STM32CubeIDE_1.15.0/STM32CubeIDE/plugins/com.st.stm32cube.ide.mcu.externaltools.gnu-tools-for-stm32.12.3.rel1.win32_1.0.100.202403111256/tools/bin/../lib/gcc/arm-none-eabi/12.3.1/thumb/v7e-m+fp/hard/crtbegin.o
                0x080073a8                        PROVIDE (__init_array_end = .)
                0x080073a8                        . = ALIGN (0x4)

.fini_array     0x080073a8        0x4
                0x080073a8                        . = ALIGN (0x4)
                [!provide]                        PROVIDE (__fini_array_start = .)
 *(SORT_BY_NAME(.fini_array.*))
 *(.fini_array*)
 .fini_array    0x080073a8        0x4 E:/Program/Cube IDE/STM32CubeIDE_1.15.0/STM32CubeIDE/plugins/com.st.stm32cube.ide.mcu.externaltools.gnu-tools-for-stm32.12.3.rel1.win32_1.0.100.202403111256/tools/bin/../lib/gcc/arm-none-eabi/12.3.1/thumb/v7e-m+fp/hard/crtbegin.o
                [!provide]                        PROVIDE (__fini_array_end = .)
                0x080073ac                        . = ALIGN (0x4)
                0x080073ac                        _sidata = LOADADDR (.data)

.rel.dyn        0x080073ac        0x0
 .rel.iplt      0x080073ac        0x0 E:/Program/Cube IDE/STM32CubeIDE_1.15.0/STM32CubeIDE/plugins/com.st.stm32cube.ide.mcu.externaltools.gnu-tools-for-stm32.12.3.rel1.win32_1.0.100.202403111256/tools/bin/../lib/gcc/arm-none-eabi/12.3.1/thumb/v7e-m+fp/hard/crtbegin.o

.data           0x20000000      0x1c0 load address 0x080073ac
                0x20000000                        . = ALIGN (0x4)
                0x20000000                        _sdata = .
 *(.data)
 *(.data*)
 .data.Back_first
                0x20000000        0x4 ./Core/Src/main.o
                0x20000000                Back_first
 .data.Control_message
                0x20000004      0x15e ./Core/Src/move.o
                0x20000004                Control_message
 *fill*         0x20000162        0x2 
 .data.SystemCoreClock
                0x20000164        0x4 ./Core/Src/system_stm32f4xx.o
                0x20000164                SystemCoreClock
 .data.uwTickPrio
                0x20000168        0x4 ./Drivers/STM32F4xx_HAL_Driver/Src/stm32f4xx_hal.o
                0x20000168                uwTickPrio
 .data.uwTickFreq
                0x2000016c        0x1 ./Drivers/STM32F4xx_HAL_Driver/Src/stm32f4xx_hal.o
                0x2000016c                uwTickFreq
 *fill*         0x2000016d        0x3 
 .data._impure_ptr
                0x20000170        0x4 E:/Program/Cube IDE/STM32CubeIDE_1.15.0/STM32CubeIDE/plugins/com.st.stm32cube.ide.mcu.externaltools.gnu-tools-for-stm32.12.3.rel1.win32_1.0.100.202403111256/tools/bin/../lib/gcc/arm-none-eabi/12.3.1/../../../../arm-none-eabi/lib/thumb/v7e-m+fp/hard\libc_nano.a(libc_a-impure.o)
                0x20000170                _impure_ptr
 .data._impure_data
                0x20000174       0x4c E:/Program/Cube IDE/STM32CubeIDE_1.15.0/STM32CubeIDE/plugins/com.st.stm32cube.ide.mcu.externaltools.gnu-tools-for-stm32.12.3.rel1.win32_1.0.100.202403111256/tools/bin/../lib/gcc/arm-none-eabi/12.3.1/../../../../arm-none-eabi/lib/thumb/v7e-m+fp/hard\libc_nano.a(libc_a-impure.o)
                0x20000174                _impure_data
 *(.RamFunc)
 *(.RamFunc*)
                0x200001c0                        . = ALIGN (0x4)
                0x200001c0                        _edata = .
                0x0800756c                        _siccmram = LOADADDR (.ccmram)

.igot.plt       0x200001c0        0x0 load address 0x0800756c
 .igot.plt      0x200001c0        0x0 E:/Program/Cube IDE/STM32CubeIDE_1.15.0/STM32CubeIDE/plugins/com.st.stm32cube.ide.mcu.externaltools.gnu-tools-for-stm32.12.3.rel1.win32_1.0.100.202403111256/tools/bin/../lib/gcc/arm-none-eabi/12.3.1/thumb/v7e-m+fp/hard/crtbegin.o

.ccmram         0x10000000        0x0 load address 0x0800756c
                0x10000000                        . = ALIGN (0x4)
                0x10000000                        _sccmram = .
 *(.ccmram)
 *(.ccmram*)
                0x10000000                        . = ALIGN (0x4)
                0x10000000                        _eccmram = .
                0x10000000                        . = ALIGN (0x4)

.bss            0x200001c0      0x5ec
                0x200001c0                        _sbss = .
                0x200001c0                        __bss_start__ = _sbss
 *(.bss)
 .bss           0x200001c0       0x1c E:/Program/Cube IDE/STM32CubeIDE_1.15.0/STM32CubeIDE/plugins/com.st.stm32cube.ide.mcu.externaltools.gnu-tools-for-stm32.12.3.rel1.win32_1.0.100.202403111256/tools/bin/../lib/gcc/arm-none-eabi/12.3.1/thumb/v7e-m+fp/hard/crtbegin.o
 *(.bss*)
 .bss.turn_s    0x200001dc        0x4 ./Core/Src/game.o
                0x200001dc                turn_s
 .bss.error_s   0x200001e0        0x4 ./Core/Src/game.o
                0x200001e0                error_s
 .bss.TransmitData
                0x200001e4       0xc8 ./Core/Src/main.o
                0x200001e4                TransmitData
 .bss.cross_cnt
                0x200002ac        0x4 ./Core/Src/main.o
                0x200002ac                cross_cnt
 .bss.path_selection
                0x200002b0        0x4 ./Core/Src/main.o
                0x200002b0                path_selection
 .bss.Timer_cnt
                0x200002b4        0x4 ./Core/Src/main.o
                0x200002b4                Timer_cnt
 .bss.Cross_fact
                0x200002b8        0x4 ./Core/Src/main.o
                0x200002b8                Cross_fact
 .bss.GrayData  0x200002bc       0x14 ./Core/Src/move.o
                0x200002bc                GrayData
 .bss.BackData  0x200002d0       0x14 ./Core/Src/move.o
                0x200002d0                BackData
 .bss.__sbrk_heap_end
                0x200002e4        0x4 ./Core/Src/sysmem.o
 .bss.htim2     0x200002e8       0x48 ./Core/Src/tim.o
                0x200002e8                htim2
 .bss.htim3     0x20000330       0x48 ./Core/Src/tim.o
                0x20000330                htim3
 .bss.htim4     0x20000378       0x48 ./Core/Src/tim.o
                0x20000378                htim4
 .bss.htim5     0x200003c0       0x48 ./Core/Src/tim.o
                0x200003c0                htim5
 .bss.htim6     0x20000408       0x48 ./Core/Src/tim.o
                0x20000408                htim6
 .bss.huart2    0x20000450       0x48 ./Core/Src/usart.o
                0x20000450                huart2
 .bss.huart3    0x20000498       0x48 ./Core/Src/usart.o
                0x20000498                huart3
 .bss.hdma_usart2_rx
                0x200004e0       0x60 ./Core/Src/usart.o
                0x200004e0                hdma_usart2_rx
 .bss.hdma_usart2_tx
                0x20000540       0x60 ./Core/Src/usart.o
                0x20000540                hdma_usart2_tx
 .bss.hdma_usart3_rx
                0x200005a0       0x60 ./Core/Src/usart.o
                0x200005a0                hdma_usart3_rx
 .bss.hdma_usart3_tx
                0x20000600       0x60 ./Core/Src/usart.o
                0x20000600                hdma_usart3_tx
 .bss.uwTick    0x20000660        0x4 ./Drivers/STM32F4xx_HAL_Driver/Src/stm32f4xx_hal.o
                0x20000660                uwTick
 .bss.__sf      0x20000664      0x138 E:/Program/Cube IDE/STM32CubeIDE_1.15.0/STM32CubeIDE/plugins/com.st.stm32cube.ide.mcu.externaltools.gnu-tools-for-stm32.12.3.rel1.win32_1.0.100.202403111256/tools/bin/../lib/gcc/arm-none-eabi/12.3.1/../../../../arm-none-eabi/lib/thumb/v7e-m+fp/hard\libc_nano.a(libc_a-findfp.o)
                0x20000664                __sf
 .bss.errno     0x2000079c        0x4 E:/Program/Cube IDE/STM32CubeIDE_1.15.0/STM32CubeIDE/plugins/com.st.stm32cube.ide.mcu.externaltools.gnu-tools-for-stm32.12.3.rel1.win32_1.0.100.202403111256/tools/bin/../lib/gcc/arm-none-eabi/12.3.1/../../../../arm-none-eabi/lib/thumb/v7e-m+fp/hard\libc_nano.a(libc_a-reent.o)
                0x2000079c                errno
 .bss.__lock___malloc_recursive_mutex
                0x200007a0        0x1 E:/Program/Cube IDE/STM32CubeIDE_1.15.0/STM32CubeIDE/plugins/com.st.stm32cube.ide.mcu.externaltools.gnu-tools-for-stm32.12.3.rel1.win32_1.0.100.202403111256/tools/bin/../lib/gcc/arm-none-eabi/12.3.1/../../../../arm-none-eabi/lib/thumb/v7e-m+fp/hard\libc_nano.a(libc_a-lock.o)
                0x200007a0                __lock___malloc_recursive_mutex
 *fill*         0x200007a1        0x3 
 .bss.__malloc_sbrk_start
                0x200007a4        0x4 E:/Program/Cube IDE/STM32CubeIDE_1.15.0/STM32CubeIDE/plugins/com.st.stm32cube.ide.mcu.externaltools.gnu-tools-for-stm32.12.3.rel1.win32_1.0.100.202403111256/tools/bin/../lib/gcc/arm-none-eabi/12.3.1/../../../../arm-none-eabi/lib/thumb/v7e-m+fp/hard\libc_nano.a(libc_a-mallocr.o)
                0x200007a4                __malloc_sbrk_start
 .bss.__malloc_free_list
                0x200007a8        0x4 E:/Program/Cube IDE/STM32CubeIDE_1.15.0/STM32CubeIDE/plugins/com.st.stm32cube.ide.mcu.externaltools.gnu-tools-for-stm32.12.3.rel1.win32_1.0.100.202403111256/tools/bin/../lib/gcc/arm-none-eabi/12.3.1/../../../../arm-none-eabi/lib/thumb/v7e-m+fp/hard\libc_nano.a(libc_a-mallocr.o)
                0x200007a8                __malloc_free_list
 *(COMMON)
                0x200007ac                        . = ALIGN (0x4)
                0x200007ac                        _ebss = .
                0x200007ac                        __bss_end__ = _ebss

._user_heap_stack
                0x200007ac      0x604
                0x200007b0                        . = ALIGN (0x8)
 *fill*         0x200007ac        0x4 
                [!provide]                        PROVIDE (end = .)
                0x200007b0                        PROVIDE (_end = .)
                0x200009b0                        . = (. + _Min_Heap_Size)
 *fill*         0x200007b0      0x200 
                0x20000db0                        . = (. + _Min_Stack_Size)
 *fill*         0x200009b0      0x400 
                0x20000db0                        . = ALIGN (0x8)

/DISCARD/
 libc.a(*)
 libm.a(*)
 libgcc.a(*)

.ARM.attributes
                0x00000000       0x30
 *(.ARM.attributes)
 .ARM.attributes
                0x00000000       0x22 E:/Program/Cube IDE/STM32CubeIDE_1.15.0/STM32CubeIDE/plugins/com.st.stm32cube.ide.mcu.externaltools.gnu-tools-for-stm32.12.3.rel1.win32_1.0.100.202403111256/tools/bin/../lib/gcc/arm-none-eabi/12.3.1/thumb/v7e-m+fp/hard/crti.o
 .ARM.attributes
                0x00000022       0x34 E:/Program/Cube IDE/STM32CubeIDE_1.15.0/STM32CubeIDE/plugins/com.st.stm32cube.ide.mcu.externaltools.gnu-tools-for-stm32.12.3.rel1.win32_1.0.100.202403111256/tools/bin/../lib/gcc/arm-none-eabi/12.3.1/thumb/v7e-m+fp/hard/crtbegin.o
 .ARM.attributes
                0x00000056       0x34 ./Core/Src/dma.o
 .ARM.attributes
                0x0000008a       0x34 ./Core/Src/game.o
 .ARM.attributes
                0x000000be       0x34 ./Core/Src/gpio.o
 .ARM.attributes
                0x000000f2       0x34 ./Core/Src/main.o
 .ARM.attributes
                0x00000126       0x34 ./Core/Src/move.o
 .ARM.attributes
                0x0000015a       0x34 ./Core/Src/stm32f4xx_hal_msp.o
 .ARM.attributes
                0x0000018e       0x34 ./Core/Src/stm32f4xx_it.o
 .ARM.attributes
                0x000001c2       0x34 ./Core/Src/sysmem.o
 .ARM.attributes
                0x000001f6       0x34 ./Core/Src/system_stm32f4xx.o
 .ARM.attributes
                0x0000022a       0x34 ./Core/Src/tim.o
 .ARM.attributes
                0x0000025e       0x34 ./Core/Src/usart.o
 .ARM.attributes
                0x00000292       0x21 ./Core/Startup/startup_stm32f407vetx.o
 .ARM.attributes
                0x000002b3       0x34 ./Drivers/STM32F4xx_HAL_Driver/Src/stm32f4xx_hal.o
 .ARM.attributes
                0x000002e7       0x34 ./Drivers/STM32F4xx_HAL_Driver/Src/stm32f4xx_hal_cortex.o
 .ARM.attributes
                0x0000031b       0x34 ./Drivers/STM32F4xx_HAL_Driver/Src/stm32f4xx_hal_dma.o
 .ARM.attributes
                0x0000034f       0x34 ./Drivers/STM32F4xx_HAL_Driver/Src/stm32f4xx_hal_gpio.o
 .ARM.attributes
                0x00000383       0x34 ./Drivers/STM32F4xx_HAL_Driver/Src/stm32f4xx_hal_pwr.o
 .ARM.attributes
                0x000003b7       0x34 ./Drivers/STM32F4xx_HAL_Driver/Src/stm32f4xx_hal_rcc.o
 .ARM.attributes
                0x000003eb       0x34 ./Drivers/STM32F4xx_HAL_Driver/Src/stm32f4xx_hal_tim.o
 .ARM.attributes
                0x0000041f       0x34 ./Drivers/STM32F4xx_HAL_Driver/Src/stm32f4xx_hal_tim_ex.o
 .ARM.attributes
                0x00000453       0x34 ./Drivers/STM32F4xx_HAL_Driver/Src/stm32f4xx_hal_uart.o
 .ARM.attributes
                0x00000487       0x34 E:/Program/Cube IDE/STM32CubeIDE_1.15.0/STM32CubeIDE/plugins/com.st.stm32cube.ide.mcu.externaltools.gnu-tools-for-stm32.12.3.rel1.win32_1.0.100.202403111256/tools/bin/../lib/gcc/arm-none-eabi/12.3.1/../../../../arm-none-eabi/lib/thumb/v7e-m+fp/hard\libc_nano.a(libc_a-findfp.o)
 .ARM.attributes
                0x000004bb       0x34 E:/Program/Cube IDE/STM32CubeIDE_1.15.0/STM32CubeIDE/plugins/com.st.stm32cube.ide.mcu.externaltools.gnu-tools-for-stm32.12.3.rel1.win32_1.0.100.202403111256/tools/bin/../lib/gcc/arm-none-eabi/12.3.1/../../../../arm-none-eabi/lib/thumb/v7e-m+fp/hard\libc_nano.a(libc_a-sprintf.o)
 .ARM.attributes
                0x000004ef       0x34 E:/Program/Cube IDE/STM32CubeIDE_1.15.0/STM32CubeIDE/plugins/com.st.stm32cube.ide.mcu.externaltools.gnu-tools-for-stm32.12.3.rel1.win32_1.0.100.202403111256/tools/bin/../lib/gcc/arm-none-eabi/12.3.1/../../../../arm-none-eabi/lib/thumb/v7e-m+fp/hard\libc_nano.a(libc_a-memset.o)
 .ARM.attributes
                0x00000523       0x34 E:/Program/Cube IDE/STM32CubeIDE_1.15.0/STM32CubeIDE/plugins/com.st.stm32cube.ide.mcu.externaltools.gnu-tools-for-stm32.12.3.rel1.win32_1.0.100.202403111256/tools/bin/../lib/gcc/arm-none-eabi/12.3.1/../../../../arm-none-eabi/lib/thumb/v7e-m+fp/hard\libc_nano.a(libc_a-reent.o)
 .ARM.attributes
                0x00000557       0x34 E:/Program/Cube IDE/STM32CubeIDE_1.15.0/STM32CubeIDE/plugins/com.st.stm32cube.ide.mcu.externaltools.gnu-tools-for-stm32.12.3.rel1.win32_1.0.100.202403111256/tools/bin/../lib/gcc/arm-none-eabi/12.3.1/../../../../arm-none-eabi/lib/thumb/v7e-m+fp/hard\libc_nano.a(libc_a-impure.o)
 .ARM.attributes
                0x0000058b       0x34 E:/Program/Cube IDE/STM32CubeIDE_1.15.0/STM32CubeIDE/plugins/com.st.stm32cube.ide.mcu.externaltools.gnu-tools-for-stm32.12.3.rel1.win32_1.0.100.202403111256/tools/bin/../lib/gcc/arm-none-eabi/12.3.1/../../../../arm-none-eabi/lib/thumb/v7e-m+fp/hard\libc_nano.a(libc_a-errno.o)
 .ARM.attributes
                0x000005bf       0x34 E:/Program/Cube IDE/STM32CubeIDE_1.15.0/STM32CubeIDE/plugins/com.st.stm32cube.ide.mcu.externaltools.gnu-tools-for-stm32.12.3.rel1.win32_1.0.100.202403111256/tools/bin/../lib/gcc/arm-none-eabi/12.3.1/../../../../arm-none-eabi/lib/thumb/v7e-m+fp/hard\libc_nano.a(libc_a-init.o)
 .ARM.attributes
                0x000005f3       0x34 E:/Program/Cube IDE/STM32CubeIDE_1.15.0/STM32CubeIDE/plugins/com.st.stm32cube.ide.mcu.externaltools.gnu-tools-for-stm32.12.3.rel1.win32_1.0.100.202403111256/tools/bin/../lib/gcc/arm-none-eabi/12.3.1/../../../../arm-none-eabi/lib/thumb/v7e-m+fp/hard\libc_nano.a(libc_a-lock.o)
 .ARM.attributes
                0x00000627       0x34 E:/Program/Cube IDE/STM32CubeIDE_1.15.0/STM32CubeIDE/plugins/com.st.stm32cube.ide.mcu.externaltools.gnu-tools-for-stm32.12.3.rel1.win32_1.0.100.202403111256/tools/bin/../lib/gcc/arm-none-eabi/12.3.1/../../../../arm-none-eabi/lib/thumb/v7e-m+fp/hard\libc_nano.a(libc_a-freer.o)
 .ARM.attributes
                0x0000065b       0x34 E:/Program/Cube IDE/STM32CubeIDE_1.15.0/STM32CubeIDE/plugins/com.st.stm32cube.ide.mcu.externaltools.gnu-tools-for-stm32.12.3.rel1.win32_1.0.100.202403111256/tools/bin/../lib/gcc/arm-none-eabi/12.3.1/../../../../arm-none-eabi/lib/thumb/v7e-m+fp/hard\libc_nano.a(libc_a-mallocr.o)
 .ARM.attributes
                0x0000068f       0x34 E:/Program/Cube IDE/STM32CubeIDE_1.15.0/STM32CubeIDE/plugins/com.st.stm32cube.ide.mcu.externaltools.gnu-tools-for-stm32.12.3.rel1.win32_1.0.100.202403111256/tools/bin/../lib/gcc/arm-none-eabi/12.3.1/../../../../arm-none-eabi/lib/thumb/v7e-m+fp/hard\libc_nano.a(libc_a-mlock.o)
 .ARM.attributes
                0x000006c3       0x34 E:/Program/Cube IDE/STM32CubeIDE_1.15.0/STM32CubeIDE/plugins/com.st.stm32cube.ide.mcu.externaltools.gnu-tools-for-stm32.12.3.rel1.win32_1.0.100.202403111256/tools/bin/../lib/gcc/arm-none-eabi/12.3.1/../../../../arm-none-eabi/lib/thumb/v7e-m+fp/hard\libc_nano.a(libc_a-nano-svfprintf.o)
 .ARM.attributes
                0x000006f7       0x34 E:/Program/Cube IDE/STM32CubeIDE_1.15.0/STM32CubeIDE/plugins/com.st.stm32cube.ide.mcu.externaltools.gnu-tools-for-stm32.12.3.rel1.win32_1.0.100.202403111256/tools/bin/../lib/gcc/arm-none-eabi/12.3.1/../../../../arm-none-eabi/lib/thumb/v7e-m+fp/hard\libc_nano.a(libc_a-nano-vfprintf_i.o)
 .ARM.attributes
                0x0000072b       0x34 E:/Program/Cube IDE/STM32CubeIDE_1.15.0/STM32CubeIDE/plugins/com.st.stm32cube.ide.mcu.externaltools.gnu-tools-for-stm32.12.3.rel1.win32_1.0.100.202403111256/tools/bin/../lib/gcc/arm-none-eabi/12.3.1/../../../../arm-none-eabi/lib/thumb/v7e-m+fp/hard\libc_nano.a(libc_a-memmove.o)
 .ARM.attributes
                0x0000075f       0x34 E:/Program/Cube IDE/STM32CubeIDE_1.15.0/STM32CubeIDE/plugins/com.st.stm32cube.ide.mcu.externaltools.gnu-tools-for-stm32.12.3.rel1.win32_1.0.100.202403111256/tools/bin/../lib/gcc/arm-none-eabi/12.3.1/../../../../arm-none-eabi/lib/thumb/v7e-m+fp/hard\libc_nano.a(libc_a-sbrkr.o)
 .ARM.attributes
                0x00000793       0x1c E:/Program/Cube IDE/STM32CubeIDE_1.15.0/STM32CubeIDE/plugins/com.st.stm32cube.ide.mcu.externaltools.gnu-tools-for-stm32.12.3.rel1.win32_1.0.100.202403111256/tools/bin/../lib/gcc/arm-none-eabi/12.3.1/../../../../arm-none-eabi/lib/thumb/v7e-m+fp/hard\libc_nano.a(libc_a-memchr.o)
 .ARM.attributes
                0x000007af       0x34 E:/Program/Cube IDE/STM32CubeIDE_1.15.0/STM32CubeIDE/plugins/com.st.stm32cube.ide.mcu.externaltools.gnu-tools-for-stm32.12.3.rel1.win32_1.0.100.202403111256/tools/bin/../lib/gcc/arm-none-eabi/12.3.1/../../../../arm-none-eabi/lib/thumb/v7e-m+fp/hard\libc_nano.a(libc_a-memcpy-stub.o)
 .ARM.attributes
                0x000007e3       0x34 E:/Program/Cube IDE/STM32CubeIDE_1.15.0/STM32CubeIDE/plugins/com.st.stm32cube.ide.mcu.externaltools.gnu-tools-for-stm32.12.3.rel1.win32_1.0.100.202403111256/tools/bin/../lib/gcc/arm-none-eabi/12.3.1/../../../../arm-none-eabi/lib/thumb/v7e-m+fp/hard\libc_nano.a(libc_a-reallocr.o)
 .ARM.attributes
                0x00000817       0x34 E:/Program/Cube IDE/STM32CubeIDE_1.15.0/STM32CubeIDE/plugins/com.st.stm32cube.ide.mcu.externaltools.gnu-tools-for-stm32.12.3.rel1.win32_1.0.100.202403111256/tools/bin/../lib/gcc/arm-none-eabi/12.3.1/../../../../arm-none-eabi/lib/thumb/v7e-m+fp/hard\libc_nano.a(libc_a-msizer.o)
 .ARM.attributes
                0x0000084b       0x22 E:/Program/Cube IDE/STM32CubeIDE_1.15.0/STM32CubeIDE/plugins/com.st.stm32cube.ide.mcu.externaltools.gnu-tools-for-stm32.12.3.rel1.win32_1.0.100.202403111256/tools/bin/../lib/gcc/arm-none-eabi/12.3.1/thumb/v7e-m+fp/hard\libgcc.a(_aeabi_uldivmod.o)
 .ARM.attributes
                0x0000086d       0x34 E:/Program/Cube IDE/STM32CubeIDE_1.15.0/STM32CubeIDE/plugins/com.st.stm32cube.ide.mcu.externaltools.gnu-tools-for-stm32.12.3.rel1.win32_1.0.100.202403111256/tools/bin/../lib/gcc/arm-none-eabi/12.3.1/thumb/v7e-m+fp/hard\libgcc.a(_udivmoddi4.o)
 .ARM.attributes
                0x000008a1       0x22 E:/Program/Cube IDE/STM32CubeIDE_1.15.0/STM32CubeIDE/plugins/com.st.stm32cube.ide.mcu.externaltools.gnu-tools-for-stm32.12.3.rel1.win32_1.0.100.202403111256/tools/bin/../lib/gcc/arm-none-eabi/12.3.1/thumb/v7e-m+fp/hard\libgcc.a(_dvmd_tls.o)
 .ARM.attributes
                0x000008c3       0x22 E:/Program/Cube IDE/STM32CubeIDE_1.15.0/STM32CubeIDE/plugins/com.st.stm32cube.ide.mcu.externaltools.gnu-tools-for-stm32.12.3.rel1.win32_1.0.100.202403111256/tools/bin/../lib/gcc/arm-none-eabi/12.3.1/thumb/v7e-m+fp/hard/crtn.o
OUTPUT(robot_version_3.elf elf32-littlearm)
LOAD linker stubs
LOAD E:/Program/Cube IDE/STM32CubeIDE_1.15.0/STM32CubeIDE/plugins/com.st.stm32cube.ide.mcu.externaltools.gnu-tools-for-stm32.12.3.rel1.win32_1.0.100.202403111256/tools/bin/../lib/gcc/arm-none-eabi/12.3.1/../../../../arm-none-eabi/lib/thumb/v7e-m+fp/hard\libc.a
LOAD E:/Program/Cube IDE/STM32CubeIDE_1.15.0/STM32CubeIDE/plugins/com.st.stm32cube.ide.mcu.externaltools.gnu-tools-for-stm32.12.3.rel1.win32_1.0.100.202403111256/tools/bin/../lib/gcc/arm-none-eabi/12.3.1/../../../../arm-none-eabi/lib/thumb/v7e-m+fp/hard\libm.a
LOAD E:/Program/Cube IDE/STM32CubeIDE_1.15.0/STM32CubeIDE/plugins/com.st.stm32cube.ide.mcu.externaltools.gnu-tools-for-stm32.12.3.rel1.win32_1.0.100.202403111256/tools/bin/../lib/gcc/arm-none-eabi/12.3.1/thumb/v7e-m+fp/hard\libgcc.a

.debug_info     0x00000000     0xff0f
 .debug_info    0x00000000      0x4ad ./Core/Src/dma.o
 .debug_info    0x000004ad      0x34e ./Core/Src/game.o
 .debug_info    0x000007fb      0x69a ./Core/Src/gpio.o
 .debug_info    0x00000e95     0x107d ./Core/Src/main.o
 .debug_info    0x00001f12      0xb86 ./Core/Src/move.o
 .debug_info    0x00002a98      0x269 ./Core/Src/stm32f4xx_hal_msp.o
 .debug_info    0x00002d01      0xabe ./Core/Src/stm32f4xx_it.o
 .debug_info    0x000037bf      0x168 ./Core/Src/sysmem.o
 .debug_info    0x00003927      0x512 ./Core/Src/system_stm32f4xx.o
 .debug_info    0x00003e39     0x10a0 ./Core/Src/tim.o
 .debug_info    0x00004ed9      0xc50 ./Core/Src/usart.o
 .debug_info    0x00005b29       0x30 ./Core/Startup/startup_stm32f407vetx.o
 .debug_info    0x00005b59      0x944 ./Drivers/STM32F4xx_HAL_Driver/Src/stm32f4xx_hal.o
 .debug_info    0x0000649d      0xd57 ./Drivers/STM32F4xx_HAL_Driver/Src/stm32f4xx_hal_cortex.o
 .debug_info    0x000071f4      0x8e7 ./Drivers/STM32F4xx_HAL_Driver/Src/stm32f4xx_hal_dma.o
 .debug_info    0x00007adb      0x6c3 ./Drivers/STM32F4xx_HAL_Driver/Src/stm32f4xx_hal_gpio.o
 .debug_info    0x0000819e      0x6f9 ./Drivers/STM32F4xx_HAL_Driver/Src/stm32f4xx_hal_pwr.o
 .debug_info    0x00008897      0x8b1 ./Drivers/STM32F4xx_HAL_Driver/Src/stm32f4xx_hal_rcc.o
 .debug_info    0x00009148     0x299d ./Drivers/STM32F4xx_HAL_Driver/Src/stm32f4xx_hal_tim.o
 .debug_info    0x0000bae5     0x14db ./Drivers/STM32F4xx_HAL_Driver/Src/stm32f4xx_hal_tim_ex.o
 .debug_info    0x0000cfc0     0x2f4f ./Drivers/STM32F4xx_HAL_Driver/Src/stm32f4xx_hal_uart.o

.debug_abbrev   0x00000000     0x27e3
 .debug_abbrev  0x00000000      0x10e ./Core/Src/dma.o
 .debug_abbrev  0x0000010e      0x17a ./Core/Src/game.o
 .debug_abbrev  0x00000288      0x174 ./Core/Src/gpio.o
 .debug_abbrev  0x000003fc      0x2ea ./Core/Src/main.o
 .debug_abbrev  0x000006e6      0x202 ./Core/Src/move.o
 .debug_abbrev  0x000008e8       0xd8 ./Core/Src/stm32f4xx_hal_msp.o
 .debug_abbrev  0x000009c0      0x1cb ./Core/Src/stm32f4xx_it.o
 .debug_abbrev  0x00000b8b       0xbc ./Core/Src/sysmem.o
 .debug_abbrev  0x00000c47      0x11a ./Core/Src/system_stm32f4xx.o
 .debug_abbrev  0x00000d61      0x25b ./Core/Src/tim.o
 .debug_abbrev  0x00000fbc      0x234 ./Core/Src/usart.o
 .debug_abbrev  0x000011f0       0x24 ./Core/Startup/startup_stm32f407vetx.o
 .debug_abbrev  0x00001214      0x214 ./Drivers/STM32F4xx_HAL_Driver/Src/stm32f4xx_hal.o
 .debug_abbrev  0x00001428      0x328 ./Drivers/STM32F4xx_HAL_Driver/Src/stm32f4xx_hal_cortex.o
 .debug_abbrev  0x00001750      0x264 ./Drivers/STM32F4xx_HAL_Driver/Src/stm32f4xx_hal_dma.o
 .debug_abbrev  0x000019b4      0x1d4 ./Drivers/STM32F4xx_HAL_Driver/Src/stm32f4xx_hal_gpio.o
 .debug_abbrev  0x00001b88      0x19c ./Drivers/STM32F4xx_HAL_Driver/Src/stm32f4xx_hal_pwr.o
 .debug_abbrev  0x00001d24      0x2b6 ./Drivers/STM32F4xx_HAL_Driver/Src/stm32f4xx_hal_rcc.o
 .debug_abbrev  0x00001fda      0x278 ./Drivers/STM32F4xx_HAL_Driver/Src/stm32f4xx_hal_tim.o
 .debug_abbrev  0x00002252      0x283 ./Drivers/STM32F4xx_HAL_Driver/Src/stm32f4xx_hal_tim_ex.o
 .debug_abbrev  0x000024d5      0x30e ./Drivers/STM32F4xx_HAL_Driver/Src/stm32f4xx_hal_uart.o

.debug_aranges  0x00000000      0xe40
 .debug_aranges
                0x00000000       0x20 ./Core/Src/dma.o
 .debug_aranges
                0x00000020       0x38 ./Core/Src/game.o
 .debug_aranges
                0x00000058       0x20 ./Core/Src/gpio.o
 .debug_aranges
                0x00000078       0x40 ./Core/Src/main.o
 .debug_aranges
                0x000000b8       0x48 ./Core/Src/move.o
 .debug_aranges
                0x00000100       0x20 ./Core/Src/stm32f4xx_hal_msp.o
 .debug_aranges
                0x00000120       0xc0 ./Core/Src/stm32f4xx_it.o
 .debug_aranges
                0x000001e0       0x20 ./Core/Src/sysmem.o
 .debug_aranges
                0x00000200       0x28 ./Core/Src/system_stm32f4xx.o
 .debug_aranges
                0x00000228       0x58 ./Core/Src/tim.o
 .debug_aranges
                0x00000280       0x38 ./Core/Src/usart.o
 .debug_aranges
                0x000002b8       0x28 ./Core/Startup/startup_stm32f407vetx.o
 .debug_aranges
                0x000002e0       0xf0 ./Drivers/STM32F4xx_HAL_Driver/Src/stm32f4xx_hal.o
 .debug_aranges
                0x000003d0      0x120 ./Drivers/STM32F4xx_HAL_Driver/Src/stm32f4xx_hal_cortex.o
 .debug_aranges
                0x000004f0       0x90 ./Drivers/STM32F4xx_HAL_Driver/Src/stm32f4xx_hal_dma.o
 .debug_aranges
                0x00000580       0x58 ./Drivers/STM32F4xx_HAL_Driver/Src/stm32f4xx_hal_gpio.o
 .debug_aranges
                0x000005d8       0xa0 ./Drivers/STM32F4xx_HAL_Driver/Src/stm32f4xx_hal_pwr.o
 .debug_aranges
                0x00000678       0x88 ./Drivers/STM32F4xx_HAL_Driver/Src/stm32f4xx_hal_rcc.o
 .debug_aranges
                0x00000700      0x3d0 ./Drivers/STM32F4xx_HAL_Driver/Src/stm32f4xx_hal_tim.o
 .debug_aranges
                0x00000ad0      0x168 ./Drivers/STM32F4xx_HAL_Driver/Src/stm32f4xx_hal_tim_ex.o
 .debug_aranges
                0x00000c38      0x208 ./Drivers/STM32F4xx_HAL_Driver/Src/stm32f4xx_hal_uart.o

.debug_rnglists
                0x00000000      0xb04
 .debug_rnglists
                0x00000000       0x13 ./Core/Src/dma.o
 .debug_rnglists
                0x00000013       0x28 ./Core/Src/game.o
 .debug_rnglists
                0x0000003b       0x14 ./Core/Src/gpio.o
 .debug_rnglists
                0x0000004f       0x2e ./Core/Src/main.o
 .debug_rnglists
                0x0000007d       0x31 ./Core/Src/move.o
 .debug_rnglists
                0x000000ae       0x13 ./Core/Src/stm32f4xx_hal_msp.o
 .debug_rnglists
                0x000000c1       0x8b ./Core/Src/stm32f4xx_it.o
 .debug_rnglists
                0x0000014c       0x13 ./Core/Src/sysmem.o
 .debug_rnglists
                0x0000015f       0x1a ./Core/Src/system_stm32f4xx.o
 .debug_rnglists
                0x00000179       0x44 ./Core/Src/tim.o
 .debug_rnglists
                0x000001bd       0x27 ./Core/Src/usart.o
 .debug_rnglists
                0x000001e4       0x19 ./Core/Startup/startup_stm32f407vetx.o
 .debug_rnglists
                0x000001fd       0xaf ./Drivers/STM32F4xx_HAL_Driver/Src/stm32f4xx_hal.o
 .debug_rnglists
                0x000002ac       0xd4 ./Drivers/STM32F4xx_HAL_Driver/Src/stm32f4xx_hal_cortex.o
 .debug_rnglists
                0x00000380       0x70 ./Drivers/STM32F4xx_HAL_Driver/Src/stm32f4xx_hal_dma.o
 .debug_rnglists
                0x000003f0       0x3f ./Drivers/STM32F4xx_HAL_Driver/Src/stm32f4xx_hal_gpio.o
 .debug_rnglists
                0x0000042f       0x74 ./Drivers/STM32F4xx_HAL_Driver/Src/stm32f4xx_hal_pwr.o
 .debug_rnglists
                0x000004a3       0x66 ./Drivers/STM32F4xx_HAL_Driver/Src/stm32f4xx_hal_rcc.o
 .debug_rnglists
                0x00000509      0x31a ./Drivers/STM32F4xx_HAL_Driver/Src/stm32f4xx_hal_tim.o
 .debug_rnglists
                0x00000823      0x125 ./Drivers/STM32F4xx_HAL_Driver/Src/stm32f4xx_hal_tim_ex.o
 .debug_rnglists
                0x00000948      0x1bc ./Drivers/STM32F4xx_HAL_Driver/Src/stm32f4xx_hal_uart.o

.debug_macro    0x00000000    0x224d2
 .debug_macro   0x00000000      0x1e7 ./Core/Src/dma.o
 .debug_macro   0x000001e7      0xab4 ./Core/Src/dma.o
 .debug_macro   0x00000c9b      0x29b ./Core/Src/dma.o
 .debug_macro   0x00000f36       0x2e ./Core/Src/dma.o
 .debug_macro   0x00000f64       0x2f ./Core/Src/dma.o
 .debug_macro   0x00000f93       0x22 ./Core/Src/dma.o
 .debug_macro   0x00000fb5       0x8e ./Core/Src/dma.o
 .debug_macro   0x00001043       0x51 ./Core/Src/dma.o
 .debug_macro   0x00001094      0x103 ./Core/Src/dma.o
 .debug_macro   0x00001197       0x6a ./Core/Src/dma.o
 .debug_macro   0x00001201      0x1df ./Core/Src/dma.o
 .debug_macro   0x000013e0       0x1c ./Core/Src/dma.o
 .debug_macro   0x000013fc       0x22 ./Core/Src/dma.o
 .debug_macro   0x0000141e       0xfb ./Core/Src/dma.o
 .debug_macro   0x00001519     0x1011 ./Core/Src/dma.o
 .debug_macro   0x0000252a      0x11f ./Core/Src/dma.o
 .debug_macro   0x00002649    0x15e97 ./Core/Src/dma.o
 .debug_macro   0x000184e0       0x6d ./Core/Src/dma.o
 .debug_macro   0x0001854d     0x368c ./Core/Src/dma.o
 .debug_macro   0x0001bbd9      0x189 ./Core/Src/dma.o
 .debug_macro   0x0001bd62       0x5c ./Core/Src/dma.o
 .debug_macro   0x0001bdbe      0x980 ./Core/Src/dma.o
 .debug_macro   0x0001c73e      0x9e9 ./Core/Src/dma.o
 .debug_macro   0x0001d127      0x115 ./Core/Src/dma.o
 .debug_macro   0x0001d23c      0x13e ./Core/Src/dma.o
 .debug_macro   0x0001d37a       0xa5 ./Core/Src/dma.o
 .debug_macro   0x0001d41f      0x174 ./Core/Src/dma.o
 .debug_macro   0x0001d593      0x287 ./Core/Src/dma.o
 .debug_macro   0x0001d81a       0x5f ./Core/Src/dma.o
 .debug_macro   0x0001d879      0x236 ./Core/Src/dma.o
 .debug_macro   0x0001daaf      0x12c ./Core/Src/dma.o
 .debug_macro   0x0001dbdb      0x21e ./Core/Src/dma.o
 .debug_macro   0x0001ddf9       0x2e ./Core/Src/dma.o
 .debug_macro   0x0001de27      0x127 ./Core/Src/dma.o
 .debug_macro   0x0001df4e       0x7e ./Core/Src/dma.o
 .debug_macro   0x0001dfcc       0x89 ./Core/Src/dma.o
 .debug_macro   0x0001e055      0x8ed ./Core/Src/dma.o
 .debug_macro   0x0001e942       0x4d ./Core/Src/dma.o
 .debug_macro   0x0001e98f      0x2aa ./Core/Src/dma.o
 .debug_macro   0x0001ec39      0x12d ./Core/Src/dma.o
 .debug_macro   0x0001ed66       0xc4 ./Core/Src/dma.o
 .debug_macro   0x0001ee2a      0x366 ./Core/Src/game.o
 .debug_macro   0x0001f190       0x5b ./Core/Src/game.o
 .debug_macro   0x0001f1eb       0x2a ./Core/Src/game.o
 .debug_macro   0x0001f215       0x94 ./Core/Src/game.o
 .debug_macro   0x0001f2a9       0x43 ./Core/Src/game.o
 .debug_macro   0x0001f2ec       0x34 ./Core/Src/game.o
 .debug_macro   0x0001f320       0x16 ./Core/Src/game.o
 .debug_macro   0x0001f336       0x43 ./Core/Src/game.o
 .debug_macro   0x0001f379       0x57 ./Core/Src/game.o
 .debug_macro   0x0001f3d0       0x34 ./Core/Src/game.o
 .debug_macro   0x0001f404       0x10 ./Core/Src/game.o
 .debug_macro   0x0001f414       0x58 ./Core/Src/game.o
 .debug_macro   0x0001f46c       0x8e ./Core/Src/game.o
 .debug_macro   0x0001f4fa       0x1c ./Core/Src/game.o
 .debug_macro   0x0001f516      0x177 ./Core/Src/game.o
 .debug_macro   0x0001f68d      0x369 ./Core/Src/game.o
 .debug_macro   0x0001f9f6      0x19b ./Core/Src/game.o
 .debug_macro   0x0001fb91       0x1c ./Core/Src/game.o
 .debug_macro   0x0001fbad       0x35 ./Core/Src/game.o
 .debug_macro   0x0001fbe2       0x10 ./Core/Src/game.o
 .debug_macro   0x0001fbf2       0x1c ./Core/Src/game.o
 .debug_macro   0x0001fc0e       0x16 ./Core/Src/game.o
 .debug_macro   0x0001fc24      0x146 ./Core/Src/game.o
 .debug_macro   0x0001fd6a       0x16 ./Core/Src/game.o
 .debug_macro   0x0001fd80       0x20 ./Core/Src/game.o
 .debug_macro   0x0001fda0       0x16 ./Core/Src/game.o
 .debug_macro   0x0001fdb6       0x16 ./Core/Src/game.o
 .debug_macro   0x0001fdcc       0x29 ./Core/Src/game.o
 .debug_macro   0x0001fdf5       0x56 ./Core/Src/game.o
 .debug_macro   0x0001fe4b      0x1e7 ./Core/Src/gpio.o
 .debug_macro   0x00020032      0x36c ./Core/Src/main.o
 .debug_macro   0x0002039e       0x61 ./Core/Src/main.o
 .debug_macro   0x000203ff      0x350 ./Core/Src/move.o
 .debug_macro   0x0002074f      0x1dd ./Core/Src/stm32f4xx_hal_msp.o
 .debug_macro   0x0002092c      0x1e7 ./Core/Src/stm32f4xx_it.o
 .debug_macro   0x00020b13       0xff ./Core/Src/sysmem.o
 .debug_macro   0x00020c12      0x23c ./Core/Src/sysmem.o
 .debug_macro   0x00020e4e      0x1ce ./Core/Src/system_stm32f4xx.o
 .debug_macro   0x0002101c      0x1e7 ./Core/Src/tim.o
 .debug_macro   0x00021203      0x1e7 ./Core/Src/usart.o
 .debug_macro   0x000213ea      0x22e ./Drivers/STM32F4xx_HAL_Driver/Src/stm32f4xx_hal.o
 .debug_macro   0x00021618      0x1ce ./Drivers/STM32F4xx_HAL_Driver/Src/stm32f4xx_hal_cortex.o
 .debug_macro   0x000217e6      0x1d4 ./Drivers/STM32F4xx_HAL_Driver/Src/stm32f4xx_hal_dma.o
 .debug_macro   0x000219ba      0x1d4 ./Drivers/STM32F4xx_HAL_Driver/Src/stm32f4xx_hal_gpio.o
 .debug_macro   0x00021b8e      0x1e6 ./Drivers/STM32F4xx_HAL_Driver/Src/stm32f4xx_hal_pwr.o
 .debug_macro   0x00021d74      0x1f2 ./Drivers/STM32F4xx_HAL_Driver/Src/stm32f4xx_hal_rcc.o
 .debug_macro   0x00021f66      0x1cf ./Drivers/STM32F4xx_HAL_Driver/Src/stm32f4xx_hal_tim.o
 .debug_macro   0x00022135      0x1ce ./Drivers/STM32F4xx_HAL_Driver/Src/stm32f4xx_hal_tim_ex.o
 .debug_macro   0x00022303      0x1cf ./Drivers/STM32F4xx_HAL_Driver/Src/stm32f4xx_hal_uart.o

.debug_line     0x00000000    0x13b0d
 .debug_line    0x00000000      0x811 ./Core/Src/dma.o
 .debug_line    0x00000811     0x115f ./Core/Src/game.o
 .debug_line    0x00001970      0x855 ./Core/Src/gpio.o
 .debug_line    0x000021c5      0xd3a ./Core/Src/main.o
 .debug_line    0x00002eff      0xa9d ./Core/Src/move.o
 .debug_line    0x0000399c      0x80f ./Core/Src/stm32f4xx_hal_msp.o
 .debug_line    0x000041ab      0x9f2 ./Core/Src/stm32f4xx_it.o
 .debug_line    0x00004b9d      0x652 ./Core/Src/sysmem.o
 .debug_line    0x000051ef      0x894 ./Core/Src/system_stm32f4xx.o
 .debug_line    0x00005a83      0xaef ./Core/Src/tim.o
 .debug_line    0x00006572      0x987 ./Core/Src/usart.o
 .debug_line    0x00006ef9       0x7a ./Core/Startup/startup_stm32f407vetx.o
 .debug_line    0x00006f73      0xafd ./Drivers/STM32F4xx_HAL_Driver/Src/stm32f4xx_hal.o
 .debug_line    0x00007a70      0xdc5 ./Drivers/STM32F4xx_HAL_Driver/Src/stm32f4xx_hal_cortex.o
 .debug_line    0x00008835     0x106d ./Drivers/STM32F4xx_HAL_Driver/Src/stm32f4xx_hal_dma.o
 .debug_line    0x000098a2      0xc89 ./Drivers/STM32F4xx_HAL_Driver/Src/stm32f4xx_hal_gpio.o
 .debug_line    0x0000a52b      0xa0f ./Drivers/STM32F4xx_HAL_Driver/Src/stm32f4xx_hal_pwr.o
 .debug_line    0x0000af3a      0xe70 ./Drivers/STM32F4xx_HAL_Driver/Src/stm32f4xx_hal_rcc.o
 .debug_line    0x0000bdaa     0x38a1 ./Drivers/STM32F4xx_HAL_Driver/Src/stm32f4xx_hal_tim.o
 .debug_line    0x0000f64b     0x1af3 ./Drivers/STM32F4xx_HAL_Driver/Src/stm32f4xx_hal_tim_ex.o
 .debug_line    0x0001113e     0x29cf ./Drivers/STM32F4xx_HAL_Driver/Src/stm32f4xx_hal_uart.o

.debug_str      0x00000000    0xcc4a9
 .debug_str     0x00000000    0xc43c4 ./Core/Src/dma.o
                              0xc4657 (size before relaxing)
 .debug_str     0x000c43c4     0x419c ./Core/Src/game.o
                              0xc81dc (size before relaxing)
 .debug_str     0x000c8560       0xd7 ./Core/Src/gpio.o
                              0xc4725 (size before relaxing)
 .debug_str     0x000c8637      0x9bd ./Core/Src/main.o
                              0xc8d43 (size before relaxing)
 .debug_str     0x000c8ff4       0x9a ./Core/Src/move.o
                              0xc89bf (size before relaxing)
 .debug_str     0x000c908e       0x2c ./Core/Src/stm32f4xx_hal_msp.o
                              0xc413a (size before relaxing)
 .debug_str     0x000c90ba      0x247 ./Core/Src/stm32f4xx_it.o
                              0xc49bc (size before relaxing)
 .debug_str     0x000c9301      0x4dc ./Core/Src/sysmem.o
                               0x60cc (size before relaxing)
 .debug_str     0x000c97dd       0xdb ./Core/Src/system_stm32f4xx.o
                              0xc3eae (size before relaxing)
 .debug_str     0x000c98b8      0x25e ./Core/Src/tim.o
                              0xc4f2a (size before relaxing)
 .debug_str     0x000c9b16       0x7d ./Core/Src/usart.o
                              0xc4c69 (size before relaxing)
 .debug_str     0x000c9b93       0x44 ./Core/Startup/startup_stm32f407vetx.o
                                 0x7f (size before relaxing)
 .debug_str     0x000c9bd7      0x60d ./Drivers/STM32F4xx_HAL_Driver/Src/stm32f4xx_hal.o
                              0xc4a32 (size before relaxing)
 .debug_str     0x000ca1e4      0x33a ./Drivers/STM32F4xx_HAL_Driver/Src/stm32f4xx_hal_cortex.o
                              0xc477c (size before relaxing)
 .debug_str     0x000ca51e      0x2f4 ./Drivers/STM32F4xx_HAL_Driver/Src/stm32f4xx_hal_dma.o
                              0xc42c8 (size before relaxing)
 .debug_str     0x000ca812       0xd7 ./Drivers/STM32F4xx_HAL_Driver/Src/stm32f4xx_hal_gpio.o
                              0xc4029 (size before relaxing)
 .debug_str     0x000ca8e9      0x24f ./Drivers/STM32F4xx_HAL_Driver/Src/stm32f4xx_hal_pwr.o
                              0xc40e4 (size before relaxing)
 .debug_str     0x000cab38      0x233 ./Drivers/STM32F4xx_HAL_Driver/Src/stm32f4xx_hal_rcc.o
                              0xc42e2 (size before relaxing)
 .debug_str     0x000cad6b      0xcb8 ./Drivers/STM32F4xx_HAL_Driver/Src/stm32f4xx_hal_tim.o
                              0xc5238 (size before relaxing)
 .debug_str     0x000cba23      0x493 ./Drivers/STM32F4xx_HAL_Driver/Src/stm32f4xx_hal_tim_ex.o
                              0xc4a44 (size before relaxing)
 .debug_str     0x000cbeb6      0x5f3 ./Drivers/STM32F4xx_HAL_Driver/Src/stm32f4xx_hal_uart.o
                              0xc48c3 (size before relaxing)

.comment        0x00000000       0x43
 .comment       0x00000000       0x43 ./Core/Src/dma.o
                                 0x44 (size before relaxing)
 .comment       0x00000043       0x44 ./Core/Src/game.o
 .comment       0x00000043       0x44 ./Core/Src/gpio.o
 .comment       0x00000043       0x44 ./Core/Src/main.o
 .comment       0x00000043       0x44 ./Core/Src/move.o
 .comment       0x00000043       0x44 ./Core/Src/stm32f4xx_hal_msp.o
 .comment       0x00000043       0x44 ./Core/Src/stm32f4xx_it.o
 .comment       0x00000043       0x44 ./Core/Src/sysmem.o
 .comment       0x00000043       0x44 ./Core/Src/system_stm32f4xx.o
 .comment       0x00000043       0x44 ./Core/Src/tim.o
 .comment       0x00000043       0x44 ./Core/Src/usart.o
 .comment       0x00000043       0x44 ./Drivers/STM32F4xx_HAL_Driver/Src/stm32f4xx_hal.o
 .comment       0x00000043       0x44 ./Drivers/STM32F4xx_HAL_Driver/Src/stm32f4xx_hal_cortex.o
 .comment       0x00000043       0x44 ./Drivers/STM32F4xx_HAL_Driver/Src/stm32f4xx_hal_dma.o
 .comment       0x00000043       0x44 ./Drivers/STM32F4xx_HAL_Driver/Src/stm32f4xx_hal_gpio.o
 .comment       0x00000043       0x44 ./Drivers/STM32F4xx_HAL_Driver/Src/stm32f4xx_hal_pwr.o
 .comment       0x00000043       0x44 ./Drivers/STM32F4xx_HAL_Driver/Src/stm32f4xx_hal_rcc.o
 .comment       0x00000043       0x44 ./Drivers/STM32F4xx_HAL_Driver/Src/stm32f4xx_hal_tim.o
 .comment       0x00000043       0x44 ./Drivers/STM32F4xx_HAL_Driver/Src/stm32f4xx_hal_tim_ex.o
 .comment       0x00000043       0x44 ./Drivers/STM32F4xx_HAL_Driver/Src/stm32f4xx_hal_uart.o

.debug_frame    0x00000000     0x3ed4
 .debug_frame   0x00000000       0x34 ./Core/Src/dma.o
 .debug_frame   0x00000034       0xa4 ./Core/Src/game.o
 .debug_frame   0x000000d8       0x34 ./Core/Src/gpio.o
 .debug_frame   0x0000010c       0xc0 ./Core/Src/main.o
 .debug_frame   0x000001cc       0xdc ./Core/Src/move.o
 .debug_frame   0x000002a8       0x38 ./Core/Src/stm32f4xx_hal_msp.o
 .debug_frame   0x000002e0      0x254 ./Core/Src/stm32f4xx_it.o
 .debug_frame   0x00000534       0x34 ./Core/Src/sysmem.o
 .debug_frame   0x00000568       0x58 ./Core/Src/system_stm32f4xx.o
 .debug_frame   0x000005c0      0x130 ./Core/Src/tim.o
 .debug_frame   0x000006f0       0x94 ./Core/Src/usart.o
 .debug_frame   0x00000784      0x374 ./Drivers/STM32F4xx_HAL_Driver/Src/stm32f4xx_hal.o
 .debug_frame   0x00000af8      0x4b8 ./Drivers/STM32F4xx_HAL_Driver/Src/stm32f4xx_hal_cortex.o
 .debug_frame   0x00000fb0      0x250 ./Drivers/STM32F4xx_HAL_Driver/Src/stm32f4xx_hal_dma.o
 .debug_frame   0x00001200      0x14c ./Drivers/STM32F4xx_HAL_Driver/Src/stm32f4xx_hal_gpio.o
 .debug_frame   0x0000134c      0x264 ./Drivers/STM32F4xx_HAL_Driver/Src/stm32f4xx_hal_pwr.o
 .debug_frame   0x000015b0      0x1f4 ./Drivers/STM32F4xx_HAL_Driver/Src/stm32f4xx_hal_rcc.o
 .debug_frame   0x000017a4     0x11c0 ./Drivers/STM32F4xx_HAL_Driver/Src/stm32f4xx_hal_tim.o
 .debug_frame   0x00002964      0x638 ./Drivers/STM32F4xx_HAL_Driver/Src/stm32f4xx_hal_tim_ex.o
 .debug_frame   0x00002f9c      0x954 ./Drivers/STM32F4xx_HAL_Driver/Src/stm32f4xx_hal_uart.o
 .debug_frame   0x000038f0      0x144 E:/Program/Cube IDE/STM32CubeIDE_1.15.0/STM32CubeIDE/plugins/com.st.stm32cube.ide.mcu.externaltools.gnu-tools-for-stm32.12.3.rel1.win32_1.0.100.202403111256/tools/bin/../lib/gcc/arm-none-eabi/12.3.1/../../../../arm-none-eabi/lib/thumb/v7e-m+fp/hard\libc_nano.a(libc_a-findfp.o)
 .debug_frame   0x00003a34       0x6c E:/Program/Cube IDE/STM32CubeIDE_1.15.0/STM32CubeIDE/plugins/com.st.stm32cube.ide.mcu.externaltools.gnu-tools-for-stm32.12.3.rel1.win32_1.0.100.202403111256/tools/bin/../lib/gcc/arm-none-eabi/12.3.1/../../../../arm-none-eabi/lib/thumb/v7e-m+fp/hard\libc_nano.a(libc_a-sprintf.o)
 .debug_frame   0x00003aa0       0x20 E:/Program/Cube IDE/STM32CubeIDE_1.15.0/STM32CubeIDE/plugins/com.st.stm32cube.ide.mcu.externaltools.gnu-tools-for-stm32.12.3.rel1.win32_1.0.100.202403111256/tools/bin/../lib/gcc/arm-none-eabi/12.3.1/../../../../arm-none-eabi/lib/thumb/v7e-m+fp/hard\libc_nano.a(libc_a-memset.o)
 .debug_frame   0x00003ac0       0x38 E:/Program/Cube IDE/STM32CubeIDE_1.15.0/STM32CubeIDE/plugins/com.st.stm32cube.ide.mcu.externaltools.gnu-tools-for-stm32.12.3.rel1.win32_1.0.100.202403111256/tools/bin/../lib/gcc/arm-none-eabi/12.3.1/../../../../arm-none-eabi/lib/thumb/v7e-m+fp/hard\libc_nano.a(libc_a-reent.o)
 .debug_frame   0x00003af8       0x20 E:/Program/Cube IDE/STM32CubeIDE_1.15.0/STM32CubeIDE/plugins/com.st.stm32cube.ide.mcu.externaltools.gnu-tools-for-stm32.12.3.rel1.win32_1.0.100.202403111256/tools/bin/../lib/gcc/arm-none-eabi/12.3.1/../../../../arm-none-eabi/lib/thumb/v7e-m+fp/hard\libc_nano.a(libc_a-errno.o)
 .debug_frame   0x00003b18       0x2c E:/Program/Cube IDE/STM32CubeIDE_1.15.0/STM32CubeIDE/plugins/com.st.stm32cube.ide.mcu.externaltools.gnu-tools-for-stm32.12.3.rel1.win32_1.0.100.202403111256/tools/bin/../lib/gcc/arm-none-eabi/12.3.1/../../../../arm-none-eabi/lib/thumb/v7e-m+fp/hard\libc_nano.a(libc_a-init.o)
 .debug_frame   0x00003b44       0xb0 E:/Program/Cube IDE/STM32CubeIDE_1.15.0/STM32CubeIDE/plugins/com.st.stm32cube.ide.mcu.externaltools.gnu-tools-for-stm32.12.3.rel1.win32_1.0.100.202403111256/tools/bin/../lib/gcc/arm-none-eabi/12.3.1/../../../../arm-none-eabi/lib/thumb/v7e-m+fp/hard\libc_nano.a(libc_a-lock.o)
 .debug_frame   0x00003bf4       0x38 E:/Program/Cube IDE/STM32CubeIDE_1.15.0/STM32CubeIDE/plugins/com.st.stm32cube.ide.mcu.externaltools.gnu-tools-for-stm32.12.3.rel1.win32_1.0.100.202403111256/tools/bin/../lib/gcc/arm-none-eabi/12.3.1/../../../../arm-none-eabi/lib/thumb/v7e-m+fp/hard\libc_nano.a(libc_a-freer.o)
 .debug_frame   0x00003c2c       0x50 E:/Program/Cube IDE/STM32CubeIDE_1.15.0/STM32CubeIDE/plugins/com.st.stm32cube.ide.mcu.externaltools.gnu-tools-for-stm32.12.3.rel1.win32_1.0.100.202403111256/tools/bin/../lib/gcc/arm-none-eabi/12.3.1/../../../../arm-none-eabi/lib/thumb/v7e-m+fp/hard\libc_nano.a(libc_a-mallocr.o)
 .debug_frame   0x00003c7c       0x30 E:/Program/Cube IDE/STM32CubeIDE_1.15.0/STM32CubeIDE/plugins/com.st.stm32cube.ide.mcu.externaltools.gnu-tools-for-stm32.12.3.rel1.win32_1.0.100.202403111256/tools/bin/../lib/gcc/arm-none-eabi/12.3.1/../../../../arm-none-eabi/lib/thumb/v7e-m+fp/hard\libc_nano.a(libc_a-mlock.o)
 .debug_frame   0x00003cac       0x90 E:/Program/Cube IDE/STM32CubeIDE_1.15.0/STM32CubeIDE/plugins/com.st.stm32cube.ide.mcu.externaltools.gnu-tools-for-stm32.12.3.rel1.win32_1.0.100.202403111256/tools/bin/../lib/gcc/arm-none-eabi/12.3.1/../../../../arm-none-eabi/lib/thumb/v7e-m+fp/hard\libc_nano.a(libc_a-nano-svfprintf.o)
 .debug_frame   0x00003d3c       0x60 E:/Program/Cube IDE/STM32CubeIDE_1.15.0/STM32CubeIDE/plugins/com.st.stm32cube.ide.mcu.externaltools.gnu-tools-for-stm32.12.3.rel1.win32_1.0.100.202403111256/tools/bin/../lib/gcc/arm-none-eabi/12.3.1/../../../../arm-none-eabi/lib/thumb/v7e-m+fp/hard\libc_nano.a(libc_a-nano-vfprintf_i.o)
 .debug_frame   0x00003d9c       0x28 E:/Program/Cube IDE/STM32CubeIDE_1.15.0/STM32CubeIDE/plugins/com.st.stm32cube.ide.mcu.externaltools.gnu-tools-for-stm32.12.3.rel1.win32_1.0.100.202403111256/tools/bin/../lib/gcc/arm-none-eabi/12.3.1/../../../../arm-none-eabi/lib/thumb/v7e-m+fp/hard\libc_nano.a(libc_a-memmove.o)
 .debug_frame   0x00003dc4       0x2c E:/Program/Cube IDE/STM32CubeIDE_1.15.0/STM32CubeIDE/plugins/com.st.stm32cube.ide.mcu.externaltools.gnu-tools-for-stm32.12.3.rel1.win32_1.0.100.202403111256/tools/bin/../lib/gcc/arm-none-eabi/12.3.1/../../../../arm-none-eabi/lib/thumb/v7e-m+fp/hard\libc_nano.a(libc_a-sbrkr.o)
 .debug_frame   0x00003df0       0x28 E:/Program/Cube IDE/STM32CubeIDE_1.15.0/STM32CubeIDE/plugins/com.st.stm32cube.ide.mcu.externaltools.gnu-tools-for-stm32.12.3.rel1.win32_1.0.100.202403111256/tools/bin/../lib/gcc/arm-none-eabi/12.3.1/../../../../arm-none-eabi/lib/thumb/v7e-m+fp/hard\libc_nano.a(libc_a-memcpy-stub.o)
 .debug_frame   0x00003e18       0x3c E:/Program/Cube IDE/STM32CubeIDE_1.15.0/STM32CubeIDE/plugins/com.st.stm32cube.ide.mcu.externaltools.gnu-tools-for-stm32.12.3.rel1.win32_1.0.100.202403111256/tools/bin/../lib/gcc/arm-none-eabi/12.3.1/../../../../arm-none-eabi/lib/thumb/v7e-m+fp/hard\libc_nano.a(libc_a-reallocr.o)
 .debug_frame   0x00003e54       0x20 E:/Program/Cube IDE/STM32CubeIDE_1.15.0/STM32CubeIDE/plugins/com.st.stm32cube.ide.mcu.externaltools.gnu-tools-for-stm32.12.3.rel1.win32_1.0.100.202403111256/tools/bin/../lib/gcc/arm-none-eabi/12.3.1/../../../../arm-none-eabi/lib/thumb/v7e-m+fp/hard\libc_nano.a(libc_a-msizer.o)
 .debug_frame   0x00003e74       0x2c E:/Program/Cube IDE/STM32CubeIDE_1.15.0/STM32CubeIDE/plugins/com.st.stm32cube.ide.mcu.externaltools.gnu-tools-for-stm32.12.3.rel1.win32_1.0.100.202403111256/tools/bin/../lib/gcc/arm-none-eabi/12.3.1/thumb/v7e-m+fp/hard\libgcc.a(_aeabi_uldivmod.o)
 .debug_frame   0x00003ea0       0x34 E:/Program/Cube IDE/STM32CubeIDE_1.15.0/STM32CubeIDE/plugins/com.st.stm32cube.ide.mcu.externaltools.gnu-tools-for-stm32.12.3.rel1.win32_1.0.100.202403111256/tools/bin/../lib/gcc/arm-none-eabi/12.3.1/thumb/v7e-m+fp/hard\libgcc.a(_udivmoddi4.o)

.debug_line_str
                0x00000000       0x63
 .debug_line_str
                0x00000000       0x63 ./Core/Startup/startup_stm32f407vetx.o